2026-05-10 15:42:56, MOVE, v:1, k:ed@treinando, mode:PICK
2026-05-10 15:43:03, MOVE, v:1, k:ed@treinando, mode:BACK
2026-05-10 15:43:16, MOVE, v:1, k:ed@treinando, mode:PICK
2026-05-10 15:51:36, EXEC, v:1, k:ed@treinando, mode:FULL, size:108, fail:COMP
2026-05-10 15:53:49, EXEC, v:1, k:ed@treinando, mode:FULL, size:112, fail:COMP
2026-05-10 15:54:22, EXEC, v:1, k:ed@treinando, mode:FULL, rate:0, size:113
2026-05-10 15:55:34, EXEC, v:1, k:ed@treinando, mode:FULL, rate:16, size:113
2026-05-10 16:01:27, EXEC, v:1, k:ed@treinando, mode:FULL, size:127, fail:COMP
2026-05-10 16:01:43, EXEC, v:1, k:ed@treinando, mode:FULL, rate:16, size:127
2026-05-10 16:01:57, EXEC, v:1, k:ed@treinando, mode:FULL, rate:33, size:127
2026-05-10 16:07:46, EXEC, v:1, k:ed@treinando, mode:FULL, rate:50, size:133
2026-05-10 16:10:08, EXEC, v:1, k:ed@treinando, mode:FULL, rate:66, size:136
2026-05-10 16:11:21, EXEC, v:1, k:ed@treinando, mode:FULL, rate:83, size:141
2026-05-10 16:14:42, EXEC, v:1, k:ed@treinando, mode:FULL, size:164, fail:COMP
2026-05-10 16:15:06, EXEC, v:1, k:ed@treinando, mode:FULL, size:165, fail:COMP
2026-05-10 16:15:39, EXEC, v:1, k:ed@treinando, mode:FULL, size:165, fail:COMP
2026-05-10 16:16:42, EXEC, v:1, k:ed@treinando, mode:FULL, size:165, fail:COMP
2026-05-10 16:17:00, EXEC, v:1, k:ed@treinando, mode:FULL, size:165, fail:COMP
2026-05-10 16:17:58, EXEC, v:1, k:ed@treinando, mode:FULL, rate:100, size:150
2026-05-10 16:18:58, MOVE, v:1, k:ed@treinando, mode:BACK
2026-05-10 16:19:12, MOVE, v:1, k:ed@resto, mode:DOWN
2026-05-10 16:20:06, SELF, v:1, k:ed@treinando, self:1, rate:100, study:25
2026-05-10 16:20:15, SELF, v:1, k:ed@triangulo, self:1, rate:100, study:15
2026-05-10 16:20:23, MOVE, v:1, k:ed@triangulo, mode:PICK
2026-05-10 16:20:25, EXEC, v:1, k:ed@triangulo, mode:FULL, rate:100, size:61
2026-05-10 16:20:28, MOVE, v:1, k:ed@triangulo, mode:BACK
2026-05-10 16:20:43, SELF, v:1, k:ed@triangulo, self:1, rate:100, study:25
2026-05-10 16:21:00, MOVE, v:1, k:ed@rotacoes, mode:PICK
2026-05-10 19:38:36, EXEC, v:1, k:ed@rotacoes, mode:FULL, size:6, fail:COMP
2026-05-10 19:38:53, EXEC, v:1, k:ed@rotacoes, mode:FULL, size:8, fail:COMP
2026-05-10 19:43:02, EXEC, v:1, k:ed@rotacoes, mode:FULL, size:16, fail:COMP
2026-05-10 19:51:55, MOVE, v:1, k:ed@rotacoes, mode:PICK
2026-05-10 19:52:43, EXEC, v:1, k:ed@rotacoes, mode:FULL, size:25, fail:COMP
2026-05-10 20:01:56, EXEC, v:1, k:ed@rotacoes, mode:FULL, size:29, fail:COMP
2026-05-10 20:05:43, EXEC, v:1, k:ed@rotacoes, mode:FULL, fail:COMP
2026-05-10 20:07:19, EXEC, v:1, k:ed@rotacoes, mode:FULL, fail:COMP
2026-05-10 20:07:21, EXEC, v:1, k:ed@rotacoes, mode:FULL, fail:COMP
2026-05-10 20:07:36, EXEC, v:1, k:ed@rotacoes, mode:FULL, fail:COMP
2026-05-10 20:09:20, MOVE, v:1, k:ed@rotacoes, mode:PICK
2026-05-10 20:09:22, EXEC, v:1, k:ed@rotacoes, mode:FULL, fail:COMP
2026-05-10 20:13:45, EXEC, v:1, k:ed@rotacoes, mode:FULL, fail:COMP
2026-05-10 20:13:58, EXEC, v:1, k:ed@rotacoes, mode:FULL, fail:COMP
2026-05-10 20:14:18, EXEC, v:1, k:ed@rotacoes, mode:FULL, fail:COMP
2026-05-10 20:17:27, EXEC, v:1, k:ed@rotacoes, mode:FULL, fail:COMP
2026-05-10 20:17:31, EXEC, v:1, k:ed@rotacoes, mode:FULL, rate:0, size:64
2026-05-10 20:17:53, EXEC, v:1, k:ed@rotacoes, mode:FULL, rate:0, size:62
2026-05-10 20:18:30, EXEC, v:1, k:ed@rotacoes, mode:FULL, rate:0
2026-05-10 20:18:44, EXEC, v:1, k:ed@rotacoes, mode:FULL, rate:0
2026-05-10 20:18:50, EXEC, v:1, k:ed@rotacoes, mode:FULL, rate:0, size:65
2026-05-10 20:19:05, EXEC, v:1, k:ed@rotacoes, mode:FULL, rate:0
2026-05-10 20:19:09, EXEC, v:1, k:ed@rotacoes, mode:FULL, rate:100, size:65
2026-05-10 20:19:20, MOVE, v:1, k:ed@rotacoes, mode:BACK
2026-05-10 20:19:44, SELF, v:1, k:ed@rotacoes, self:1, rate:100, study:50, problem:1
2026-05-10 20:20:06, SELF, v:1, k:ed@rotacoes, self:1, rate:100, study:50, problem:1
