2026-06-08 10:47:07, MOVE, v:1, k:ed@sudoku, mode:DOWN
2026-06-08 10:47:07, MOVE, v:1, k:ed@sudoku, mode:PICK
2026-06-08 10:47:07, MOVE, v:1, k:ed@sudoku, mode:EDIT
2026-06-08 10:47:07, MOVE, v:1, k:ed@sudoku, mode:EDIT
2026-06-08 10:47:07, MOVE, v:1, k:ed@sudoku, mode:EDIT
2026-06-08 10:49:20, EXEC, v:1, k:ed@sudoku, mode:FULL, size:9, fail:COMP
2026-06-08 10:50:13, MOVE, v:1, k:ed@sudoku, mode:EDIT
2026-06-08 10:53:54, EXEC, v:1, k:ed@sudoku, mode:FULL, rate:0, size:13
2026-06-08 10:54:36, EXEC, v:1, k:ed@sudoku, mode:FULL, rate:0, size:12
2026-06-08 10:56:33, EXEC, v:1, k:ed@sudoku, mode:FULL, size:14, fail:COMP
2026-06-08 10:57:18, MOVE, v:1, k:ed@sudoku, mode:EDIT
2026-06-08 10:54:35, MOVE, v:1, k:ed@sudoku, mode:EDIT
2026-06-08 10:59:54, MOVE, v:1, k:ed@sudoku, mode:EDIT
2026-06-08 11:04:39, EXEC, v:1, k:ed@sudoku, mode:FULL, size:19, fail:COMP
2026-06-08 11:05:09, MOVE, v:1, k:ed@sudoku, mode:EDIT
2026-06-08 11:09:04, EXEC, v:1, k:ed@sudoku, mode:FULL, size:26, fail:COMP
2026-06-08 11:12:04, MOVE, v:1, k:ed@sudoku, mode:EDIT
2026-06-08 11:14:35, EXEC, v:1, k:ed@sudoku, mode:FULL, size:26, fail:COMP
2026-06-08 11:16:30, MOVE, v:1, k:ed@sudoku, mode:EDIT
2026-06-08 11:21:48, MOVE, v:1, k:ed@sudoku, mode:EDIT
2026-06-08 11:27:05, MOVE, v:1, k:ed@sudoku, mode:EDIT
