2026-03-23 10:09:19, MOVE, v:1, k:ed@gomos, mode:PICK
2026-03-23 10:15:53, EXEC, v:1, k:ed@gomos, mode:FULL, rate:0, size:30
2026-03-23 10:17:43, EXEC, v:1, k:ed@gomos, mode:FULL, rate:0, size:34
2026-03-23 10:22:06, EXEC, v:1, k:ed@gomos, mode:FULL, rate:0, size:34
2026-03-23 10:28:35, EXEC, v:1, k:ed@gomos, mode:FULL, size:28, fail:COMP
2026-03-23 10:29:11, EXEC, v:1, k:ed@gomos, mode:FULL, fail:COMP
2026-03-23 10:29:56, EXEC, v:1, k:ed@gomos, mode:FULL, fail:COMP
2026-03-23 10:30:04, EXEC, v:1, k:ed@gomos, mode:FULL, fail:COMP
2026-03-23 10:31:02, EXEC, v:1, k:ed@gomos, mode:FULL, fail:COMP
2026-03-23 10:31:03, MOVE, v:1, k:ed@gomos, mode:BACK
2026-03-23 10:31:05, MOVE, v:1, k:ed@gomos, mode:PICK
2026-03-23 10:31:06, EXEC, v:1, k:ed@gomos, mode:FULL, fail:COMP
2026-03-23 10:33:04, EXEC, v:1, k:ed@gomos, mode:FULL, size:27, fail:COMP
2026-03-23 10:33:04, EXEC, v:1, k:ed@gomos, mode:FULL, size:27, fail:COMP
2026-03-23 10:34:13, EXEC, v:1, k:ed@gomos, mode:FULL, rate:0, size:26
2026-03-23 11:01:49, EXEC, v:1, k:ed@gomos, mode:FULL, rate:0, size:43
2026-03-23 11:04:12, EXEC, v:1, k:ed@gomos, mode:FULL, rate:0, size:51
2026-03-23 11:05:05, EXEC, v:1, k:ed@gomos, mode:FULL, rate:0, size:53
2026-03-23 11:05:21, EXEC, v:1, k:ed@gomos, mode:FULL, rate:0, size:50
2026-03-23 11:05:37, EXEC, v:1, k:ed@gomos, mode:FULL, rate:16, size:49
2026-03-23 11:15:10, EXEC, v:1, k:ed@gomos, mode:FULL, rate:33, size:78
2026-03-23 11:17:25, EXEC, v:1, k:ed@gomos, mode:FULL, rate:33, size:81
2026-03-23 11:23:39, EXEC, v:1, k:ed@gomos, mode:FULL, rate:33, size:79
2026-03-23 11:25:38, EXEC, v:1, k:ed@gomos, mode:FULL, rate:50, size:79
2026-03-23 11:32:46, EXEC, v:1, k:ed@gomos, mode:FULL, rate:66, size:79
2026-03-23 11:33:05, EXEC, v:1, k:ed@gomos, mode:FULL, rate:100, size:79
