2026-05-31 09:49:30, MOVE, v:1, k:ed@n_rainhas, mode:PICK
2026-05-31 09:50:12, EXEC, v:1, k:ed@n_rainhas, mode:FULL, size:41, fail:COMP
2026-05-31 09:51:08, EXEC, v:1, k:ed@n_rainhas, mode:FREE, size:58
2026-05-31 09:51:38, MOVE, v:1, k:ed@n_rainhas, mode:PICK
2026-05-31 09:51:40, EXEC, v:1, k:ed@n_rainhas, mode:FULL, rate:0
2026-05-31 09:51:58, EXEC, v:1, k:ed@n_rainhas, mode:FULL, rate:0, size:60
2026-05-31 09:52:21, EXEC, v:1, k:ed@n_rainhas, mode:FULL, rate:16, size:60
2026-05-31 09:52:26, EXEC, v:1, k:ed@n_rainhas, mode:FULL, rate:16
2026-05-31 09:52:35, EXEC, v:1, k:ed@n_rainhas, mode:FULL, rate:0, size:60
2026-05-31 09:52:41, EXEC, v:1, k:ed@n_rainhas, mode:FULL, rate:100, size:60
2026-05-31 09:52:52, MOVE, v:1, k:ed@n_rainhas, mode:BACK
2026-05-31 09:53:35, SELF, v:1, k:ed@n_rainhas, self:1, rate:100, study:200
2026-05-31 09:53:48, MOVE, v:1, k:ed@wordsearch, mode:DOWN
2026-05-31 09:53:50, MOVE, v:1, k:ed@wordsearch, mode:PICK
2026-05-31 09:56:08, EXEC, v:1, k:ed@wordsearch, mode:FULL, rate:25, size:62
2026-05-31 09:52:41, MOVE, v:1, k:ed@n_rainhas, mode:EDIT
2026-05-31 09:52:40, MOVE, v:1, k:ed@n_rainhas, mode:EDIT
2026-05-31 09:53:48, MOVE, v:1, k:ed@wordsearch, mode:EDIT
2026-05-31 09:53:48, MOVE, v:1, k:ed@wordsearch, mode:EDIT
2026-05-31 09:56:06, MOVE, v:1, k:ed@wordsearch, mode:EDIT
2026-05-31 09:53:48, MOVE, v:1, k:ed@wordsearch, mode:EDIT
2026-05-31 09:56:08, MOVE, v:1, k:ed@wordsearch, mode:EDIT
2026-05-31 10:01:29, MOVE, v:1, k:ed@wordsearch, mode:EDIT
2026-05-31 10:04:29, MOVE, v:1, k:ed@wordsearch, mode:EDIT
2026-05-31 10:06:48, EXEC, v:1, k:ed@wordsearch, mode:FULL, size:65, fail:COMP
2026-05-31 10:11:31, EXEC, v:1, k:ed@wordsearch, mode:FULL, size:68, fail:COMP
2026-05-31 10:11:29, MOVE, v:1, k:ed@wordsearch, mode:EDIT
2026-05-31 10:13:17, EXEC, v:1, k:ed@wordsearch, mode:FULL, size:68, fail:COMP
2026-05-31 10:15:59, MOVE, v:1, k:ed@wordsearch, mode:EDIT
2026-05-31 10:17:14, EXEC, v:1, k:ed@wordsearch, mode:FULL, size:68, fail:COMP
2026-05-31 10:18:51, EXEC, v:1, k:ed@wordsearch, mode:FULL, size:71, fail:COMP
2026-05-31 10:20:15, EXEC, v:1, k:ed@wordsearch, mode:FULL, size:73, fail:COMP
2026-05-31 10:20:14, MOVE, v:1, k:ed@wordsearch, mode:EDIT
2026-05-31 10:22:58, EXEC, v:1, k:ed@wordsearch, mode:FULL, size:75, fail:COMP
2026-05-31 10:25:42, EXEC, v:1, k:ed@wordsearch, mode:FULL, size:75, fail:COMP
2026-05-31 10:25:39, MOVE, v:1, k:ed@wordsearch, mode:EDIT
2026-05-31 10:28:38, EXEC, v:1, k:ed@wordsearch, mode:FULL, size:81, fail:COMP
2026-05-31 10:31:19, EXEC, v:1, k:ed@wordsearch, mode:FULL, size:83, fail:COMP
2026-05-31 10:31:17, MOVE, v:1, k:ed@wordsearch, mode:EDIT
2026-05-31 10:32:29, EXEC, v:1, k:ed@wordsearch, mode:FULL, size:83, fail:COMP
2026-05-31 10:35:46, EXEC, v:1, k:ed@wordsearch, mode:FULL, size:86, fail:COMP
2026-05-31 10:35:45, MOVE, v:1, k:ed@wordsearch, mode:EDIT
2026-05-31 10:38:32, EXEC, v:1, k:ed@wordsearch, mode:FULL, size:88, fail:COMP
2026-05-31 10:38:30, MOVE, v:1, k:ed@wordsearch, mode:EDIT
2026-05-31 10:42:50, EXEC, v:1, k:ed@wordsearch, mode:FULL, fail:COMP
2026-05-31 10:43:02, EXEC, v:1, k:ed@wordsearch, mode:FULL, size:94, fail:COMP
2026-05-31 10:45:55, EXEC, v:1, k:ed@wordsearch, mode:FULL, size:94, fail:COMP
2026-05-31 10:45:53, MOVE, v:1, k:ed@wordsearch, mode:EDIT
2026-05-31 10:49:56, EXEC, v:1, k:ed@wordsearch, mode:FULL, size:95, fail:COMP
2026-05-31 10:49:55, MOVE, v:1, k:ed@wordsearch, mode:EDIT
2026-05-31 10:52:43, EXEC, v:1, k:ed@wordsearch, mode:FULL, size:97, fail:COMP
2026-05-31 10:55:42, EXEC, v:1, k:ed@wordsearch, mode:FULL, size:98, fail:COMP
2026-05-31 10:55:41, MOVE, v:1, k:ed@wordsearch, mode:EDIT
2026-05-31 10:59:36, EXEC, v:1, k:ed@wordsearch, mode:FULL, size:100, fail:COMP
2026-05-31 10:59:34, MOVE, v:1, k:ed@wordsearch, mode:EDIT
2026-05-31 11:02:18, EXEC, v:1, k:ed@wordsearch, mode:FULL, size:101, fail:COMP
2026-05-31 11:04:41, EXEC, v:1, k:ed@wordsearch, mode:FULL, size:102, fail:COMP
2026-05-31 11:04:39, MOVE, v:1, k:ed@wordsearch, mode:EDIT
2026-05-31 11:07:33, EXEC, v:1, k:ed@wordsearch, mode:FULL, rate:100, size:103
2026-05-31 11:07:47, EXEC, v:1, k:ed@wordsearch, mode:FULL, rate:25, size:103
2026-05-31 11:09:49, EXEC, v:1, k:ed@wordsearch, mode:FULL, rate:25
2026-05-31 11:10:01, EXEC, v:1, k:ed@wordsearch, mode:FULL, rate:50, size:103
2026-05-31 11:09:59, MOVE, v:1, k:ed@wordsearch, mode:EDIT
2026-05-31 11:10:01, MOVE, v:1, k:ed@wordsearch, mode:EDIT
2026-05-31 11:13:45, EXEC, v:1, k:ed@wordsearch, mode:FULL, rate:75, size:103
2026-05-31 11:15:39, EXEC, v:1, k:ed@wordsearch, mode:FULL, rate:25, size:103
2026-05-31 11:15:42, MOVE, v:1, k:ed@wordsearch, mode:BACK
2026-05-31 11:15:51, MOVE, v:1, k:ed@wordsearch, mode:PICK
2026-05-31 11:16:15, EXEC, v:1, k:ed@wordsearch, mode:FULL, size:80, fail:COMP
2026-05-31 11:16:30, EXEC, v:1, k:ed@wordsearch, mode:FULL, size:80, fail:COMP
2026-05-31 11:19:41, EXEC, v:1, k:ed@wordsearch, mode:FULL, size:80, fail:COMP
2026-05-31 11:19:39, MOVE, v:1, k:ed@wordsearch, mode:EDIT
2026-05-31 11:22:08, EXEC, v:1, k:ed@wordsearch, mode:FULL, size:80, fail:COMP
2026-05-31 11:24:44, EXEC, v:1, k:ed@wordsearch, mode:FULL, size:80, fail:COMP
2026-05-31 11:24:42, MOVE, v:1, k:ed@wordsearch, mode:EDIT
2026-05-31 11:25:57, EXEC, v:1, k:ed@wordsearch, mode:FULL, size:80, fail:COMP
2026-05-31 11:28:20, EXEC, v:1, k:ed@wordsearch, mode:FULL, size:80, fail:COMP
2026-05-31 11:28:18, MOVE, v:1, k:ed@wordsearch, mode:EDIT
2026-05-31 11:31:59, EXEC, v:1, k:ed@wordsearch, mode:FULL, size:80, fail:COMP
2026-05-31 11:34:39, EXEC, v:1, k:ed@wordsearch, mode:FULL, size:80, fail:COMP
2026-05-31 11:34:37, MOVE, v:1, k:ed@wordsearch, mode:EDIT
2026-05-31 11:37:08, EXEC, v:1, k:ed@wordsearch, mode:FULL, size:80, fail:COMP
2026-05-31 11:39:05, EXEC, v:1, k:ed@wordsearch, mode:FULL, size:82, fail:COMP
2026-05-31 11:39:04, MOVE, v:1, k:ed@wordsearch, mode:EDIT
2026-05-31 11:41:44, EXEC, v:1, k:ed@wordsearch, mode:FULL, size:82, fail:COMP
2026-05-31 11:44:27, EXEC, v:1, k:ed@wordsearch, mode:FULL, size:82, fail:COMP
2026-05-31 11:44:25, MOVE, v:1, k:ed@wordsearch, mode:EDIT
2026-05-31 11:48:13, EXEC, v:1, k:ed@wordsearch, mode:FULL, size:82, fail:COMP
2026-05-31 11:48:11, MOVE, v:1, k:ed@wordsearch, mode:EDIT
2026-05-31 11:50:58, EXEC, v:1, k:ed@wordsearch, mode:FULL, size:82, fail:COMP
2026-05-31 11:53:37, EXEC, v:1, k:ed@wordsearch, mode:FULL, size:82, fail:COMP
2026-05-31 11:55:33, EXEC, v:1, k:ed@wordsearch, mode:FULL, size:82, fail:COMP
2026-05-31 11:55:31, MOVE, v:1, k:ed@wordsearch, mode:EDIT
2026-05-31 12:00:36, EXEC, v:1, k:ed@wordsearch, mode:FULL, size:84, fail:COMP
2026-05-31 12:00:33, MOVE, v:1, k:ed@wordsearch, mode:EDIT
2026-05-31 17:22:01, EXEC, v:1, k:ed@wordsearch, mode:FULL, size:86, fail:COMP
2026-05-31 17:22:02, MOVE, v:1, k:ed@wordsearch, mode:BACK
2026-05-31 17:22:11, MOVE, v:1, k:ed@wordsearch, mode:PICK
2026-05-31 17:26:47, EXEC, v:1, k:ed@wordsearch, mode:FULL, size:87, fail:COMP
2026-05-31 17:26:45, MOVE, v:1, k:ed@wordsearch, mode:EDIT
2026-05-31 17:30:00, MOVE, v:1, k:ed@wordsearch, mode:EDIT
2026-05-31 17:36:34, EXEC, v:1, k:ed@wordsearch, mode:FULL, size:95, fail:COMP
2026-05-31 17:36:31, MOVE, v:1, k:ed@wordsearch, mode:EDIT
2026-05-31 17:39:36, EXEC, v:1, k:ed@wordsearch, mode:FULL, size:96, fail:COMP
2026-05-31 17:39:34, MOVE, v:1, k:ed@wordsearch, mode:EDIT
2026-05-31 17:42:47, EXEC, v:1, k:ed@wordsearch, mode:FULL, size:98, fail:COMP
2026-05-31 17:45:32, EXEC, v:1, k:ed@wordsearch, mode:FULL, size:99, fail:COMP
2026-05-31 17:45:30, MOVE, v:1, k:ed@wordsearch, mode:EDIT
2026-05-31 17:50:57, EXEC, v:1, k:ed@wordsearch, mode:FULL, size:99, fail:COMP
2026-05-31 17:50:55, MOVE, v:1, k:ed@wordsearch, mode:EDIT
2026-05-31 17:53:44, EXEC, v:1, k:ed@wordsearch, mode:FULL, size:101, fail:COMP
2026-05-31 17:56:56, MOVE, v:1, k:ed@wordsearch, mode:EDIT
2026-05-31 17:59:51, EXEC, v:1, k:ed@wordsearch, mode:FULL, size:103, fail:COMP
2026-05-31 17:59:46, MOVE, v:1, k:ed@wordsearch, mode:EDIT
2026-05-31 18:05:02, EXEC, v:1, k:ed@wordsearch, mode:FULL, rate:75, size:105
2026-05-31 18:05:13, MOVE, v:1, k:ed@wordsearch, mode:BACK
2026-05-31 18:05:20, MOVE, v:1, k:ed@wordsearch, mode:PICK
2026-05-31 18:05:28, EXEC, v:1, k:ed@wordsearch, mode:FULL, rate:75
2026-05-31 18:05:36, EXEC, v:1, k:ed@wordsearch, mode:FULL, rate:0, size:105
2026-05-31 18:09:17, EXEC, v:1, k:ed@wordsearch, mode:FULL, rate:75, size:105
2026-05-31 18:09:16, MOVE, v:1, k:ed@wordsearch, mode:EDIT
2026-05-31 18:09:17, MOVE, v:1, k:ed@wordsearch, mode:EDIT
2026-05-31 18:12:24, EXEC, v:1, k:ed@wordsearch, mode:FULL, rate:25, size:105
2026-05-31 18:14:09, EXEC, v:1, k:ed@wordsearch, mode:FULL, rate:25
2026-05-31 18:14:08, MOVE, v:1, k:ed@wordsearch, mode:EDIT
2026-05-31 18:14:09, MOVE, v:1, k:ed@wordsearch, mode:EDIT
2026-05-31 18:17:28, EXEC, v:1, k:ed@wordsearch, mode:FULL, rate:100, size:105
2026-05-31 18:17:32, MOVE, v:1, k:ed@wordsearch, mode:BACK
2026-05-31 18:18:51, SELF, v:1, k:ed@wordsearch, self:1, rate:100, study:190
