2026-06-03 09:55:32, MOVE, v:1, k:ed@setbuild, mode:PICK
2026-06-03 09:57:27, EXEC, v:1, k:ed@setbuild, mode:FULL, rate:0, size:123
2026-06-03 09:58:27, EXEC, v:1, k:ed@setbuild, mode:FULL, rate:0, size:123
2026-06-03 09:59:41, EXEC, v:1, k:ed@setbuild, mode:FULL, rate:0, size:126
2026-06-03 09:59:40, MOVE, v:1, k:ed@setbuild, mode:EDIT
2026-06-03 09:59:41, MOVE, v:1, k:ed@setbuild, mode:EDIT
2026-06-03 10:02:06, EXEC, v:1, k:ed@setbuild, mode:FULL, rate:0, size:137
2026-06-03 10:02:58, EXEC, v:1, k:ed@setbuild, mode:FULL, rate:0, size:142
2026-06-03 10:02:54, MOVE, v:1, k:ed@setbuild, mode:EDIT
2026-06-03 10:02:58, MOVE, v:1, k:ed@setbuild, mode:EDIT
2026-06-03 10:07:54, EXEC, v:1, k:ed@setbuild, mode:FULL, rate:0, size:145
2026-06-03 10:10:01, EXEC, v:1, k:ed@setbuild, mode:FULL, rate:0, size:146
2026-06-03 10:09:59, MOVE, v:1, k:ed@setbuild, mode:EDIT
2026-06-03 10:10:01, MOVE, v:1, k:ed@setbuild, mode:EDIT
2026-06-03 10:11:45, EXEC, v:1, k:ed@setbuild, mode:FULL, rate:0, size:156
2026-06-03 10:13:22, EXEC, v:1, k:ed@setbuild, mode:FULL, size:183, fail:COMP
2026-06-03 10:15:21, EXEC, v:1, k:ed@setbuild, mode:FULL, rate:0, size:182
2026-06-03 10:15:20, MOVE, v:1, k:ed@setbuild, mode:EDIT
2026-06-03 10:15:21, MOVE, v:1, k:ed@setbuild, mode:EDIT
2026-06-03 10:19:09, EXEC, v:1, k:ed@setbuild, mode:FULL, size:182, fail:COMP
2026-06-03 10:19:46, EXEC, v:1, k:ed@setbuild, mode:FULL, size:182, fail:COMP
2026-06-03 10:19:44, MOVE, v:1, k:ed@setbuild, mode:EDIT
2026-06-03 10:22:22, EXEC, v:1, k:ed@setbuild, mode:FULL, size:185, fail:COMP
2026-06-03 10:23:27, EXEC, v:1, k:ed@setbuild, mode:FULL, size:197, fail:COMP
2026-06-03 10:23:38, EXEC, v:1, k:ed@setbuild, mode:FULL, rate:0, size:197
2026-06-03 10:23:37, MOVE, v:1, k:ed@setbuild, mode:EDIT
2026-06-03 10:23:38, MOVE, v:1, k:ed@setbuild, mode:EDIT
2026-06-03 10:26:35, EXEC, v:1, k:ed@setbuild, mode:FULL, rate:0, size:201
2026-06-03 10:29:19, EXEC, v:1, k:ed@setbuild, mode:FULL, size:201, fail:COMP
2026-06-03 10:29:14, MOVE, v:1, k:ed@setbuild, mode:EDIT
2026-06-03 10:26:35, MOVE, v:1, k:ed@setbuild, mode:EDIT
2026-06-03 10:34:37, EXEC, v:1, k:ed@setbuild, mode:FULL, rate:0, size:205
2026-06-03 10:34:33, MOVE, v:1, k:ed@setbuild, mode:EDIT
2026-06-03 10:34:37, MOVE, v:1, k:ed@setbuild, mode:EDIT
2026-06-03 10:44:28, EXEC, v:1, k:ed@setbuild, mode:FULL, size:207, fail:COMP
2026-06-03 10:44:36, EXEC, v:1, k:ed@setbuild, mode:FULL, size:207, fail:COMP
2026-06-03 10:44:34, MOVE, v:1, k:ed@setbuild, mode:EDIT
2026-06-03 10:56:55, EXEC, v:1, k:ed@setbuild, mode:FULL, size:214, fail:COMP
2026-06-03 10:56:54, MOVE, v:1, k:ed@setbuild, mode:EDIT
2026-06-03 11:00:57, EXEC, v:1, k:ed@setbuild, mode:FULL, size:214, fail:COMP
2026-06-03 11:00:56, MOVE, v:1, k:ed@setbuild, mode:EDIT
2026-06-03 11:05:42, EXEC, v:1, k:ed@setbuild, mode:FULL, size:216, fail:COMP
2026-06-03 11:08:42, EXEC, v:1, k:ed@setbuild, mode:FULL, rate:0, size:216
2026-06-03 11:08:40, MOVE, v:1, k:ed@setbuild, mode:EDIT
2026-06-03 11:08:42, MOVE, v:1, k:ed@setbuild, mode:EDIT
2026-06-03 11:11:19, EXEC, v:1, k:ed@setbuild, mode:FULL, rate:0, size:216
2026-06-03 11:11:18, MOVE, v:1, k:ed@setbuild, mode:EDIT
2026-06-03 11:11:19, MOVE, v:1, k:ed@setbuild, mode:EDIT
2026-06-03 11:18:52, MOVE, v:1, k:ed@setbuild, mode:BACK
2026-06-03 11:18:52, MOVE, v:1, k:ed@setbuild, mode:PICK
2026-06-03 11:18:53, MOVE, v:1, k:ed@setbuild, mode:BACK
2026-06-03 11:19:57, MOVE, v:1, k:ed@setbuild, mode:PICK
2026-06-03 11:20:42, EXEC, v:1, k:ed@setbuild, mode:FULL, rate:0, size:216
2026-06-03 11:23:16, EXEC, v:1, k:ed@setbuild, mode:FULL, size:215, fail:COMP
2026-06-03 11:24:15, EXEC, v:1, k:ed@setbuild, mode:FULL, rate:33, size:219
2026-06-03 11:24:53, EXEC, v:1, k:ed@setbuild, mode:FULL, rate:66, size:219
2026-06-03 11:24:52, MOVE, v:1, k:ed@setbuild, mode:EDIT
2026-06-03 11:24:53, MOVE, v:1, k:ed@setbuild, mode:EDIT
2026-06-03 11:28:41, EXEC, v:1, k:ed@setbuild, mode:FULL, rate:66, size:219
2026-06-03 11:28:40, MOVE, v:1, k:ed@setbuild, mode:EDIT
2026-06-03 11:28:41, MOVE, v:1, k:ed@setbuild, mode:EDIT
2026-06-03 11:33:50, MOVE, v:1, k:ed@setbuild, mode:BACK
2026-06-03 11:33:55, MOVE, v:1, k:ed@setbuild, mode:PICK
2026-06-03 11:33:58, EXEC, v:1, k:ed@setbuild, mode:FULL, rate:66
2026-06-03 11:34:06, EXEC, v:1, k:ed@setbuild, mode:FULL, rate:66, size:219
2026-06-03 11:36:16, EXEC, v:1, k:ed@setbuild, mode:FULL, rate:66, size:219
2026-06-03 11:37:20, EXEC, v:1, k:ed@setbuild, mode:FULL, rate:100, size:218
2026-06-03 11:37:23, MOVE, v:1, k:ed@setbuild, mode:BACK
2026-06-03 11:37:42, SELF, v:1, k:ed@setbuild, self:1, rate:100, friend:250
