2026-04-15 08:13:55, MOVE, v:1, k:ed@apagando, mode:PICK
2026-04-15 08:55:03, EXEC, v:1, k:ed@apagando, mode:FULL, size:44, fail:COMP
2026-04-15 08:55:24, EXEC, v:1, k:ed@apagando, mode:FULL, rate:0, size:42
2026-04-15 09:21:28, EXEC, v:1, k:ed@apagando, mode:FULL, size:40, fail:COMP
2026-04-15 09:21:45, EXEC, v:1, k:ed@apagando, mode:FULL, rate:0, size:38
2026-04-15 09:34:21, EXEC, v:1, k:ed@apagando, mode:FULL, size:48, fail:COMP
2026-04-15 09:35:49, EXEC, v:1, k:ed@apagando, mode:FULL, rate:0, size:48
2026-04-15 09:38:28, EXEC, v:1, k:ed@apagando, mode:FULL, rate:0, size:48
2026-04-15 09:39:30, EXEC, v:1, k:ed@apagando, mode:FULL, rate:0, size:48
2026-04-15 09:42:44, EXEC, v:1, k:ed@apagando, mode:FULL, rate:0, size:51
2026-04-15 09:48:35, EXEC, v:1, k:ed@apagando, mode:FULL, size:48, fail:COMP
2026-04-15 09:48:46, EXEC, v:1, k:ed@apagando, mode:FULL, rate:0, size:47
2026-04-15 09:49:39, EXEC, v:1, k:ed@apagando, mode:FULL, size:49, fail:COMP
2026-04-15 09:49:54, EXEC, v:1, k:ed@apagando, mode:FULL, rate:25, size:48
2026-04-15 10:39:21, MOVE, v:1, k:ed@apagando, mode:PICK
2026-04-15 10:39:33, EXEC, v:1, k:ed@apagando, mode:FULL, rate:66, size:49
2026-04-15 11:43:08, MOVE, v:1, k:ed@apagando, mode:PICK
2026-04-15 11:43:23, EXEC, v:1, k:ed@apagando, mode:FULL, rate:33
2026-04-15 11:46:02, EXEC, v:1, k:ed@apagando, mode:FULL, rate:0, size:52
2026-04-15 11:47:06, EXEC, v:1, k:ed@apagando, mode:FULL, rate:0, size:52
2026-04-15 11:49:39, EXEC, v:1, k:ed@apagando, mode:FULL, rate:0, size:55
2026-04-15 11:50:30, EXEC, v:1, k:ed@apagando, mode:FULL, size:55, fail:COMP
2026-04-15 11:51:02, EXEC, v:1, k:ed@apagando, mode:FULL, rate:100, size:55
2026-04-15 11:51:18, MOVE, v:1, k:ed@apagando, mode:BACK
