2026-07-12 12:38:11, MOVE, v:1, k:ed@altura, mode:DOWN
2026-07-12 12:38:12, MOVE, v:1, k:ed@altura, mode:PICK
2026-07-12 12:38:13, EXEC, v:1, k:ed@altura, mode:FULL, rate:0, size:108
2026-07-12 12:39:19, EXEC, v:1, k:ed@altura, mode:FULL, rate:0
2026-07-12 12:42:35, EXEC, v:1, k:ed@altura, mode:FULL, size:110, fail:COMP
2026-07-12 12:42:43, MOVE, v:1, k:ed@altura, mode:BACK
2026-07-12 12:42:59, MOVE, v:1, k:ed@altura, mode:PICK
2026-07-12 12:43:00, EXEC, v:1, k:ed@altura, mode:FULL, fail:COMP
2026-07-12 12:47:16, MOVE, v:1, k:ed@altura, mode:EDIT
2026-07-12 12:48:35, EXEC, v:1, k:ed@altura, mode:FULL, size:118, fail:COMP
2026-07-12 12:50:18, EXEC, v:1, k:ed@altura, mode:FULL, rate:0, size:120
2026-07-12 12:50:16, MOVE, v:1, k:ed@altura, mode:EDIT
2026-07-12 12:50:18, MOVE, v:1, k:ed@altura, mode:EDIT
2026-07-12 12:57:43, MOVE, v:1, k:ed@altura, mode:EDIT
2026-07-12 13:02:43, EXEC, v:1, k:ed@altura, mode:FULL, size:129, fail:COMP
2026-07-12 13:02:41, MOVE, v:1, k:ed@altura, mode:EDIT
2026-07-12 13:04:52, EXEC, v:1, k:ed@altura, mode:FULL, rate:0, size:130
2026-07-12 13:04:50, MOVE, v:1, k:ed@altura, mode:EDIT
2026-07-12 13:04:52, MOVE, v:1, k:ed@altura, mode:EDIT
2026-07-12 13:09:13, MOVE, v:1, k:ed@altura, mode:EDIT
2026-07-12 13:17:42, MOVE, v:1, k:ed@altura, mode:EDIT
2026-07-12 13:24:48, MOVE, v:1, k:ed@altura, mode:EDIT
2026-07-12 13:30:12, MOVE, v:1, k:ed@altura, mode:EDIT
2026-07-12 13:34:34, EXEC, v:1, k:ed@altura, mode:FULL, rate:0, size:142
2026-07-12 13:35:52, EXEC, v:1, k:ed@altura, mode:FULL, size:142, fail:COMP
2026-07-12 13:35:50, MOVE, v:1, k:ed@altura, mode:EDIT
2026-07-12 13:34:34, MOVE, v:1, k:ed@altura, mode:EDIT
2026-07-12 19:41:18, EXEC, v:1, k:ed@altura, mode:FULL, size:142, fail:COMP
2026-07-12 19:43:45, EXEC, v:1, k:ed@altura, mode:FREE, size:142
2026-07-12 19:43:53, MOVE, v:1, k:ed@altura, mode:BACK
2026-07-12 19:43:55, MOVE, v:1, k:ed@altura, mode:PICK
2026-07-12 19:43:55, EXEC, v:1, k:ed@altura, mode:FULL, fail:COMP
2026-07-12 19:43:43, MOVE, v:1, k:ed@altura, mode:EDIT
2026-07-12 19:46:50, EXEC, v:1, k:ed@altura, mode:FULL, size:142, fail:COMP
2026-07-12 19:47:47, EXEC, v:1, k:ed@altura, mode:FULL, rate:100, size:142
2026-07-12 19:47:52, MOVE, v:1, k:ed@altura, mode:BACK
2026-07-12 19:47:59, SELF, v:1, k:ed@altura, self:1, rate:100, study:90
2026-07-12 19:48:37, SELF, v:1, k:ed@altura, self:1, rate:100, study:120
2026-07-12 19:49:59, MOVE, v:1, k:ed@bst_insert, mode:DOWN
2026-07-12 19:50:00, MOVE, v:1, k:ed@bst_insert, mode:PICK
2026-07-12 19:52:23, EXEC, v:1, k:ed@bst_insert, mode:FULL, size:69, fail:COMP
2026-07-12 19:49:59, MOVE, v:1, k:ed@bst_insert, mode:EDIT
2026-07-12 19:52:20, MOVE, v:1, k:ed@bst_insert, mode:EDIT
2026-07-12 19:53:53, MOVE, v:1, k:ed@bst_insert, mode:EDIT
2026-07-12 20:01:56, EXEC, v:1, k:ed@bst_insert, mode:FULL, size:78, fail:COMP
2026-07-12 20:01:54, MOVE, v:1, k:ed@bst_insert, mode:EDIT
2026-07-12 20:04:41, EXEC, v:1, k:ed@bst_insert, mode:FULL, rate:0, size:79
2026-07-12 20:06:57, MOVE, v:1, k:ed@bst_insert, mode:EDIT
2026-07-12 20:04:41, MOVE, v:1, k:ed@bst_insert, mode:EDIT
2026-07-12 20:15:34, EXEC, v:1, k:ed@bst_insert, mode:FULL, size:81, fail:COMP
2026-07-12 20:15:32, MOVE, v:1, k:ed@bst_insert, mode:EDIT
2026-07-12 20:16:32, MOVE, v:1, k:ed@bst_insert, mode:BACK
2026-07-12 20:16:37, MOVE, v:1, k:ed@bst_insert, mode:PICK
2026-07-12 20:16:38, EXEC, v:1, k:ed@bst_insert, mode:FULL, fail:COMP
2026-07-12 20:19:38, MOVE, v:1, k:ed@bst_insert, mode:EDIT
2026-07-12 20:25:18, EXEC, v:1, k:ed@bst_insert, mode:FULL, size:82, fail:COMP
2026-07-12 20:25:17, MOVE, v:1, k:ed@bst_insert, mode:EDIT
2026-07-12 20:27:26, MOVE, v:1, k:ed@bst_insert, mode:BACK
2026-07-12 20:27:31, MOVE, v:1, k:ed@bst_insert, mode:PICK
2026-07-12 20:27:32, EXEC, v:1, k:ed@bst_insert, mode:FULL, size:82, fail:COMP
2026-07-12 20:30:51, EXEC, v:1, k:ed@bst_insert, mode:FULL, size:79, fail:COMP
2026-07-12 20:32:10, EXEC, v:1, k:ed@bst_insert, mode:FULL, rate:0, size:79
2026-07-12 20:32:18, MOVE, v:1, k:ed@bst_insert, mode:EDIT
2026-07-12 20:32:10, MOVE, v:1, k:ed@bst_insert, mode:EDIT
2026-07-12 20:36:38, MOVE, v:1, k:ed@bst_insert, mode:EDIT
2026-07-12 20:41:29, MOVE, v:1, k:ed@bst_insert, mode:EDIT
2026-07-12 20:44:24, EXEC, v:1, k:ed@bst_insert, mode:FULL, rate:100, size:82
2026-07-12 20:44:33, MOVE, v:1, k:ed@bst_insert, mode:BACK
2026-07-12 20:44:40, SELF, v:1, k:ed@bst_insert, self:1, rate:100, study:80
2026-07-12 20:44:20, MOVE, v:1, k:ed@bst_insert, mode:EDIT
2026-07-12 20:44:24, MOVE, v:1, k:ed@bst_insert, mode:EDIT
