2026-06-19 08:07:58, MOVE, v:1, k:ed@lista_d2, mode:PICK
2026-06-19 08:07:59, EXEC, v:1, k:ed@lista_d2, mode:FULL, size:292, fail:COMP
2026-06-19 08:08:03, EXEC, v:1, k:ed@lista_d2, mode:FULL, fail:COMP
2026-06-19 08:09:45, EXEC, v:1, k:ed@lista_d2, mode:FULL, fail:COMP
2026-06-19 08:10:39, EXEC, v:1, k:ed@lista_d2, mode:FULL, size:299, fail:COMP
2026-06-19 08:10:37, MOVE, v:1, k:ed@lista_d2, mode:EDIT
2026-06-19 08:17:32, MOVE, v:1, k:ed@lista_d2, mode:EDIT
2026-06-19 08:20:14, EXEC, v:1, k:ed@lista_d2, mode:FULL, size:314, fail:COMP
2026-06-19 08:20:13, MOVE, v:1, k:ed@lista_d2, mode:EDIT
2026-06-19 08:23:39, EXEC, v:1, k:ed@lista_d2, mode:FULL, rate:0
2026-06-19 08:23:39, MOVE, v:1, k:ed@lista_d2, mode:EDIT
2026-06-19 08:23:54, MOVE, v:1, k:ed@lista_d2, mode:EDIT
2026-06-19 08:29:18, MOVE, v:1, k:ed@lista_d2, mode:EDIT
2026-06-19 08:32:52, EXEC, v:1, k:ed@lista_d2, mode:FULL, rate:0, size:221
2026-06-19 08:34:34, MOVE, v:1, k:ed@lista_d2, mode:EDIT
2026-06-19 08:32:52, MOVE, v:1, k:ed@lista_d2, mode:EDIT
2026-06-19 08:47:45, MOVE, v:1, k:ed@lista_d2, mode:EDIT
2026-06-19 08:50:52, MOVE, v:1, k:ed@lista_d2, mode:EDIT
2026-06-19 08:55:29, EXEC, v:1, k:ed@lista_d2, mode:FULL, size:227, fail:COMP
2026-06-19 08:57:37, MOVE, v:1, k:ed@lista_d2, mode:EDIT
2026-06-19 09:07:13, MOVE, v:1, k:ed@lista_d2, mode:EDIT
2026-06-19 09:11:57, MOVE, v:1, k:ed@lista_d2, mode:EDIT
2026-06-19 09:17:38, EXEC, v:1, k:ed@lista_d2, mode:FULL, rate:0, size:228
2026-06-19 09:17:46, MOVE, v:1, k:ed@lista_d2, mode:EDIT
2026-06-19 09:17:38, MOVE, v:1, k:ed@lista_d2, mode:EDIT
2026-06-19 09:19:45, MOVE, v:1, k:ed@lista_d2, mode:EDIT
2026-06-19 09:28:31, EXEC, v:1, k:ed@lista_d2, mode:FULL, size:249, fail:COMP
2026-06-19 09:30:04, EXEC, v:1, k:ed@lista_d2, mode:FULL, rate:0, size:249
2026-06-19 09:32:43, MOVE, v:1, k:ed@lista_d2, mode:EDIT
2026-06-19 09:30:04, MOVE, v:1, k:ed@lista_d2, mode:EDIT
2026-06-19 09:40:22, EXEC, v:1, k:ed@lista_d2, mode:FULL, size:263, fail:COMP
2026-06-19 09:40:57, EXEC, v:1, k:ed@lista_d2, mode:FULL, size:270, fail:COMP
2026-06-19 09:42:38, EXEC, v:1, k:ed@lista_d2, mode:FULL, fail:COMP
2026-06-19 09:40:56, MOVE, v:1, k:ed@lista_d2, mode:EDIT
2026-06-19 09:44:10, EXEC, v:1, k:ed@lista_d2, mode:FULL, size:272, fail:COMP
2026-06-19 09:45:00, EXEC, v:1, k:ed@lista_d2, mode:FULL, size:275, fail:COMP
2026-06-19 09:45:35, EXEC, v:1, k:ed@lista_d2, mode:FULL, size:279, fail:COMP
2026-06-19 09:47:25, EXEC, v:1, k:ed@lista_d2, mode:FULL, rate:0, size:279
2026-06-19 09:47:24, MOVE, v:1, k:ed@lista_d2, mode:EDIT
2026-06-19 09:47:25, MOVE, v:1, k:ed@lista_d2, mode:EDIT
2026-06-19 09:49:28, EXEC, v:1, k:ed@lista_d2, mode:FULL, rate:0, size:279
2026-06-19 09:50:25, EXEC, v:1, k:ed@lista_d2, mode:FULL, rate:80, size:282
2026-06-19 09:52:12, EXEC, v:1, k:ed@lista_d2, mode:FULL, rate:80, size:294
2026-06-19 09:52:07, MOVE, v:1, k:ed@lista_d2, mode:EDIT
2026-06-19 09:52:12, MOVE, v:1, k:ed@lista_d2, mode:EDIT
2026-06-19 09:54:37, EXEC, v:1, k:ed@lista_d2, mode:FULL, rate:80
2026-06-19 09:55:04, MOVE, v:1, k:ed@lista_d2, mode:PICK
2026-06-19 09:55:06, EXEC, v:1, k:ed@lista_d2, mode:FULL, rate:80
2026-06-19 09:55:14, EXEC, v:1, k:ed@lista_d2, mode:FULL, rate:100, size:294
