2026-06-16 15:33:16, MOVE, v:1, k:ed@lista_d2, mode:PICK
2026-06-16 15:33:17, EXEC, v:1, k:ed@lista_d2, mode:FULL, size:111, fail:COMP
2026-06-16 15:37:11, EXEC, v:1, k:ed@lista_d2, mode:FULL, rate:0, size:114
2026-06-16 15:37:09, MOVE, v:1, k:ed@lista_d2, mode:EDIT
2026-06-16 15:37:11, MOVE, v:1, k:ed@lista_d2, mode:EDIT
2026-06-16 15:41:18, EXEC, v:1, k:ed@lista_d2, mode:FULL, rate:0, size:119
2026-06-16 15:41:17, MOVE, v:1, k:ed@lista_d2, mode:EDIT
2026-06-16 15:41:18, MOVE, v:1, k:ed@lista_d2, mode:EDIT
2026-06-16 15:45:04, MOVE, v:1, k:ed@lista_d2, mode:EDIT
2026-06-16 15:52:22, EXEC, v:1, k:ed@lista_d2, mode:FULL, rate:0, size:133
2026-06-16 15:52:51, MOVE, v:1, k:ed@lista_d2, mode:EDIT
2026-06-16 15:52:22, MOVE, v:1, k:ed@lista_d2, mode:EDIT
2026-06-16 15:55:31, EXEC, v:1, k:ed@lista_d2, mode:FULL, rate:0, size:140
2026-06-16 15:55:29, MOVE, v:1, k:ed@lista_d2, mode:EDIT
2026-06-16 15:55:31, MOVE, v:1, k:ed@lista_d2, mode:EDIT
2026-06-16 16:01:09, EXEC, v:1, k:ed@lista_d2, mode:FULL, size:154, fail:COMP
2026-06-16 16:01:08, MOVE, v:1, k:ed@lista_d2, mode:EDIT
2026-06-16 16:04:59, MOVE, v:1, k:ed@lista_d2, mode:EDIT
2026-06-16 16:09:07, MOVE, v:1, k:ed@lista_d2, mode:EDIT
2026-06-16 16:14:58, EXEC, v:1, k:ed@lista_d2, mode:FULL, size:172, fail:COMP
2026-06-16 16:15:23, EXEC, v:1, k:ed@lista_d2, mode:FULL, rate:0, size:172
2026-06-16 16:16:19, EXEC, v:1, k:ed@lista_d2, mode:FULL, rate:0
2026-06-16 16:16:20, MOVE, v:1, k:ed@lista_d2, mode:BACK
2026-06-16 16:16:35, MOVE, v:1, k:ed@lista_d2, mode:PICK
2026-06-16 16:16:37, EXEC, v:1, k:ed@lista_d2, mode:FULL, rate:0
2026-06-16 16:16:37, MOVE, v:1, k:ed@lista_d2, mode:EDIT
2026-06-16 16:19:31, MOVE, v:1, k:ed@lista_d2, mode:EDIT
2026-06-16 16:22:50, EXEC, v:1, k:ed@lista_d2, mode:FULL, rate:0, size:176
2026-06-16 16:22:48, MOVE, v:1, k:ed@lista_d2, mode:EDIT
2026-06-16 16:22:50, MOVE, v:1, k:ed@lista_d2, mode:EDIT
2026-06-16 16:28:44, EXEC, v:1, k:ed@lista_d2, mode:FULL, rate:0, size:180
2026-06-16 16:29:26, MOVE, v:1, k:ed@lista_d2, mode:BACK
