2026-06-22 09:58:16, EXEC, v:1, k:ed@soma, mode:FULL, size:98, fail:COMP
2026-06-22 09:58:23, MOVE, v:1, k:ed@soma, mode:EDIT
2026-06-22 10:02:18, MOVE, v:1, k:ed@soma, mode:BACK
2026-06-22 10:02:30, MOVE, v:1, k:ed@soma, mode:PICK
2026-06-22 10:02:31, EXEC, v:1, k:ed@soma, mode:FULL, size:101, fail:COMP
2026-06-22 10:05:01, MOVE, v:1, k:ed@soma, mode:EDIT
2026-06-22 10:16:32, EXEC, v:1, k:ed@soma, mode:FULL, rate:42, size:102
2026-06-22 10:16:38, EXEC, v:1, k:ed@soma, mode:FULL, rate:42
2026-06-22 10:16:31, MOVE, v:1, k:ed@soma, mode:EDIT
2026-06-22 10:16:38, MOVE, v:1, k:ed@soma, mode:EDIT
2026-06-22 10:20:31, MOVE, v:1, k:ed@soma, mode:PICK
2026-06-22 10:20:32, EXEC, v:1, k:ed@soma, mode:FULL, rate:42
2026-06-22 10:22:09, EXEC, v:1, k:ed@soma, mode:FULL, rate:100, size:102
2026-06-22 10:22:12, EXEC, v:1, k:ed@soma, mode:FULL, rate:100
2026-06-22 10:22:13, MOVE, v:1, k:ed@soma, mode:BACK
2026-06-22 10:22:30, SELF, v:1, k:ed@soma, self:1, rate:100, study:120
2026-06-22 10:23:36, MOVE, v:1, k:ed@serial, mode:DOWN
2026-06-22 10:23:37, MOVE, v:1, k:ed@serial, mode:PICK
2026-06-22 10:22:12, MOVE, v:1, k:ed@soma, mode:EDIT
2026-06-22 10:22:07, MOVE, v:1, k:ed@soma, mode:EDIT
2026-06-22 10:23:36, MOVE, v:1, k:ed@serial, mode:EDIT
2026-06-22 10:23:36, MOVE, v:1, k:ed@serial, mode:EDIT
2026-06-22 10:28:40, MOVE, v:1, k:ed@serial, mode:EDIT
2026-06-22 10:31:24, EXEC, v:1, k:ed@serial, mode:FULL, size:67, fail:COMP
2026-06-22 10:34:47, EXEC, v:1, k:ed@serial, mode:FULL, size:70, fail:COMP
2026-06-22 10:34:41, MOVE, v:1, k:ed@serial, mode:EDIT
2026-06-22 10:38:19, EXEC, v:1, k:ed@serial, mode:FULL, size:70, fail:COMP
2026-06-22 10:38:17, MOVE, v:1, k:ed@serial, mode:EDIT
2026-06-22 10:42:26, EXEC, v:1, k:ed@serial, mode:FULL, size:74, fail:COMP
2026-06-22 10:42:38, MOVE, v:1, k:ed@serial, mode:EDIT
2026-06-22 10:45:47, EXEC, v:1, k:ed@serial, mode:FULL, size:75, fail:COMP
2026-06-22 10:48:43, MOVE, v:1, k:ed@serial, mode:EDIT
2026-06-22 10:53:02, MOVE, v:1, k:ed@serial, mode:EDIT
2026-06-22 10:59:21, MOVE, v:1, k:ed@serial, mode:EDIT
2026-06-22 11:02:51, EXEC, v:1, k:ed@serial, mode:FULL, rate:14, size:84
2026-06-22 11:02:49, MOVE, v:1, k:ed@serial, mode:EDIT
2026-06-22 11:02:51, MOVE, v:1, k:ed@serial, mode:EDIT
2026-06-22 11:08:46, EXEC, v:1, k:ed@serial, mode:FULL, rate:14, size:85
2026-06-22 11:08:45, MOVE, v:1, k:ed@serial, mode:EDIT
2026-06-22 11:08:46, MOVE, v:1, k:ed@serial, mode:EDIT
2026-06-22 11:11:34, EXEC, v:1, k:ed@serial, mode:FULL, rate:100, size:86
2026-06-22 11:11:38, MOVE, v:1, k:ed@serial, mode:BACK
2026-06-22 11:12:06, SELF, v:1, k:ed@serial, self:1, rate:100, study:60
2026-06-22 11:12:59, MOVE, v:1, k:ed@formatada, mode:DOWN
2026-06-22 11:12:59, MOVE, v:1, k:ed@formatada, mode:PICK
2026-06-22 11:13:52, EXEC, v:1, k:ed@formatada, mode:FULL, rate:0, size:72
2026-06-22 11:12:59, MOVE, v:1, k:ed@formatada, mode:EDIT
2026-06-22 11:14:37, MOVE, v:1, k:ed@formatada, mode:EDIT
2026-06-22 11:13:52, MOVE, v:1, k:ed@formatada, mode:EDIT
2026-06-22 11:19:08, MOVE, v:1, k:ed@formatada, mode:EDIT
2026-06-22 11:23:38, MOVE, v:1, k:ed@formatada, mode:EDIT
2026-06-22 11:33:25, EXEC, v:1, k:ed@formatada, mode:FULL, rate:0, size:89
2026-06-22 11:36:24, MOVE, v:1, k:ed@formatada, mode:EDIT
2026-06-22 11:33:25, MOVE, v:1, k:ed@formatada, mode:EDIT
2026-06-22 11:39:52, MOVE, v:1, k:ed@formatada, mode:EDIT
2026-06-22 11:46:13, MOVE, v:1, k:ed@formatada, mode:EDIT
2026-06-22 11:47:22, EXEC, v:1, k:ed@formatada, mode:FULL, rate:42, size:96
2026-06-22 11:48:34, EXEC, v:1, k:ed@formatada, mode:FULL, size:96, fail:COMP
2026-06-22 11:48:43, EXEC, v:1, k:ed@formatada, mode:FULL, rate:42, size:96
2026-06-22 11:49:05, EXEC, v:1, k:ed@formatada, mode:FULL, rate:14, size:96
2026-06-22 11:49:12, MOVE, v:1, k:ed@formatada, mode:BACK
