2026-05-20 08:16:24, SELF, v:1, k:ed@resto, self:1, rate:100, study:30
2026-05-20 08:16:35, SELF, v:1, k:ed@mdc, self:1, rate:100, friend:60
2026-05-20 08:16:35, MOVE, v:1, k:ed@mdc, mode:PICK
2026-05-20 08:16:37, MOVE, v:1, k:ed@mdc, mode:BACK
2026-05-20 08:16:46, MOVE, v:1, k:ed@queimada, mode:PICK
2026-05-20 08:16:47, MOVE, v:1, k:ed@queimada, mode:BACK
2026-05-20 08:16:58, SELF, v:1, k:ed@queimada, self:1, rate:100, study:70
2026-05-20 08:16:58, MOVE, v:1, k:ed@queimada, mode:PICK
2026-05-20 08:17:00, MOVE, v:1, k:ed@queimada, mode:BACK
2026-05-20 08:17:19, SELF, v:1, k:ed@labirinto, self:1, rate:100, study:40
2026-05-20 08:17:29, SELF, v:1, k:ed@eh_primo, self:1, rate:100, study:10
2026-05-20 08:17:29, MOVE, v:1, k:ed@eh_primo, mode:PICK
2026-05-20 08:17:31, MOVE, v:1, k:ed@eh_primo, mode:BACK
2026-05-20 08:17:57, SELF, v:1, k:ed@vetequals, self:1, rate:100, study:70
2026-05-20 08:17:58, MOVE, v:1, k:ed@vetequals, mode:PICK
2026-05-20 08:17:59, MOVE, v:1, k:ed@vetequals, mode:BACK
2026-05-20 08:18:11, SELF, v:1, k:ed@enesimo, self:1, rate:100, study:90
2026-05-20 08:18:21, SELF, v:1, k:ed@priminhos, self:1, rate:100, study:60
2026-05-20 08:19:33, MOVE, v:1, k:ed@escada, mode:DOWN
2026-05-20 08:20:09, MOVE, v:1, k:ed@escada, mode:PICK
2026-05-20 08:21:55, EXEC, v:1, k:ed@escada, mode:FULL, size:5, fail:COMP
2026-05-20 08:19:33, MOVE, v:1, k:ed@escada, mode:EDIT
2026-05-20 08:19:33, MOVE, v:1, k:ed@escada, mode:EDIT
2026-05-20 08:23:21, MOVE, v:1, k:ed@escada, mode:EDIT
2026-05-20 08:25:39, MOVE, v:1, k:ed@escada, mode:EDIT
2026-05-20 08:30:16, EXEC, v:1, k:ed@escada, mode:FULL, size:14, fail:COMP
2026-05-20 08:32:48, MOVE, v:1, k:ed@escada, mode:EDIT
2026-05-20 08:35:30, EXEC, v:1, k:ed@escada, mode:FULL, size:17, fail:COMP
2026-05-20 08:35:29, MOVE, v:1, k:ed@escada, mode:EDIT
2026-05-20 08:39:44, EXEC, v:1, k:ed@escada, mode:FULL, size:21, fail:COMP
2026-05-20 08:39:46, MOVE, v:1, k:ed@escada, mode:BACK
2026-05-20 08:39:55, MOVE, v:1, k:ed@escada, mode:PICK
2026-05-20 08:44:37, MOVE, v:1, k:ed@escada, mode:EDIT
2026-05-20 08:47:32, MOVE, v:1, k:ed@escada, mode:EDIT
2026-05-20 08:54:38, MOVE, v:1, k:ed@escada, mode:EDIT
2026-05-20 08:59:23, MOVE, v:1, k:ed@escada, mode:EDIT
2026-05-20 09:05:13, EXEC, v:1, k:ed@escada, mode:FULL, size:35, fail:COMP
2026-05-20 09:05:14, EXEC, v:1, k:ed@escada, mode:FULL, fail:COMP
2026-05-20 09:05:51, EXEC, v:1, k:ed@escada, mode:FULL, size:37, fail:COMP
2026-05-20 09:05:59, EXEC, v:1, k:ed@escada, mode:FULL, fail:COMP
2026-05-20 09:06:30, MOVE, v:1, k:ed@escada, mode:PICK
2026-05-20 09:06:36, EXEC, v:1, k:ed@escada, mode:FULL, size:38, fail:COMP
2026-05-20 09:09:24, EXEC, v:1, k:ed@escada, mode:FULL, rate:0
2026-05-20 09:09:55, EXEC, v:1, k:ed@escada, mode:FULL, rate:0, size:38
2026-05-20 09:11:26, MOVE, v:1, k:ed@escada, mode:EDIT
2026-05-20 09:09:55, MOVE, v:1, k:ed@escada, mode:EDIT
2026-05-20 09:14:18, EXEC, v:1, k:ed@escada, mode:FULL, rate:10, size:40
2026-05-20 09:14:37, EXEC, v:1, k:ed@escada, mode:FULL, rate:10, size:40
2026-05-20 09:14:49, EXEC, v:1, k:ed@escada, mode:FULL, rate:10, size:40
2026-05-20 09:15:55, MOVE, v:1, k:ed@escada, mode:EDIT
2026-05-20 09:14:48, MOVE, v:1, k:ed@escada, mode:EDIT
2026-05-20 09:19:19, MOVE, v:1, k:ed@escada, mode:EDIT
2026-05-20 09:22:35, EXEC, v:1, k:ed@escada, mode:FULL, rate:10, size:41
2026-05-20 09:22:50, EXEC, v:1, k:ed@escada, mode:FULL, rate:100, size:41
2026-05-20 09:23:07, EXEC, v:1, k:ed@escada, mode:FULL, rate:10, size:41
2026-05-20 09:25:52, EXEC, v:1, k:ed@escada, mode:FULL, size:41, fail:COMP
2026-05-20 09:25:44, MOVE, v:1, k:ed@escada, mode:EDIT
2026-05-20 09:23:05, MOVE, v:1, k:ed@escada, mode:EDIT
2026-05-20 09:29:19, MOVE, v:1, k:ed@escada, mode:EDIT
2026-05-20 09:34:54, MOVE, v:1, k:ed@escada, mode:EDIT
2026-05-20 09:40:11, MOVE, v:1, k:ed@escada, mode:EDIT
2026-05-20 09:44:45, MOVE, v:1, k:ed@escada, mode:EDIT
2026-05-20 09:47:43, EXEC, v:1, k:ed@escada, mode:FULL, rate:100, size:41
2026-05-20 09:47:56, MOVE, v:1, k:ed@escada, mode:BACK
