2026-06-05 09:20:07, MOVE, v:1, k:ed@multiset, mode:PICK
2026-06-05 09:21:09, EXEC, v:1, k:ed@multiset, mode:FULL, size:150, fail:COMP
2026-06-05 09:20:47, MOVE, v:1, k:ed@multiset, mode:EDIT
2026-06-05 09:26:31, EXEC, v:1, k:ed@multiset, mode:FULL, size:151, fail:COMP
2026-06-05 09:29:19, EXEC, v:1, k:ed@multiset, mode:FULL, size:154, fail:COMP
2026-06-05 09:29:18, MOVE, v:1, k:ed@multiset, mode:EDIT
2026-06-05 09:32:19, EXEC, v:1, k:ed@multiset, mode:FULL, size:155, fail:COMP
2026-06-05 09:32:34, EXEC, v:1, k:ed@multiset, mode:FULL, size:155, fail:COMP
2026-06-05 09:32:32, MOVE, v:1, k:ed@multiset, mode:EDIT
2026-06-05 09:35:30, EXEC, v:1, k:ed@multiset, mode:FULL, size:157, fail:COMP
2026-06-05 09:35:57, EXEC, v:1, k:ed@multiset, mode:FULL, size:157, fail:COMP
2026-06-05 09:36:27, EXEC, v:1, k:ed@multiset, mode:FULL, size:161, fail:COMP
2026-06-05 09:39:18, MOVE, v:1, k:ed@multiset, mode:EDIT
2026-06-05 09:42:49, MOVE, v:1, k:ed@multiset, mode:EDIT
2026-06-05 09:45:23, MOVE, v:1, k:ed@multiset, mode:EDIT
2026-06-05 14:41:22, EXEC, v:1, k:ed@multiset, mode:FULL, size:164, fail:COMP
2026-06-05 14:41:34, MOVE, v:1, k:ed@multiset, mode:BACK
2026-06-05 14:41:40, MOVE, v:1, k:ed@multiset, mode:PICK
2026-06-05 14:41:41, EXEC, v:1, k:ed@multiset, mode:FULL, fail:COMP
2026-06-05 14:43:38, EXEC, v:1, k:ed@multiset, mode:FULL, size:164, fail:COMP
2026-06-05 14:46:11, EXEC, v:1, k:ed@multiset, mode:FULL, rate:0, size:167
2026-06-05 14:46:09, MOVE, v:1, k:ed@multiset, mode:EDIT
2026-06-05 14:46:11, MOVE, v:1, k:ed@multiset, mode:EDIT
2026-06-05 14:49:10, EXEC, v:1, k:ed@multiset, mode:FULL, size:171, fail:COMP
2026-06-05 14:49:08, MOVE, v:1, k:ed@multiset, mode:EDIT
2026-06-05 14:51:55, EXEC, v:1, k:ed@multiset, mode:FULL, rate:0, size:174
2026-06-05 14:56:31, MOVE, v:1, k:ed@multiset, mode:EDIT
2026-06-05 14:51:55, MOVE, v:1, k:ed@multiset, mode:EDIT
2026-06-05 14:57:00, EXEC, v:1, k:ed@multiset, mode:FULL, size:180, fail:COMP
2026-06-05 14:59:40, EXEC, v:1, k:ed@multiset, mode:FULL, size:183, fail:COMP
2026-06-05 14:59:38, MOVE, v:1, k:ed@multiset, mode:EDIT
2026-06-05 15:02:44, EXEC, v:1, k:ed@multiset, mode:FULL, size:189, fail:COMP
2026-06-05 15:05:23, EXEC, v:1, k:ed@multiset, mode:FULL, size:190, fail:COMP
2026-06-05 15:05:30, EXEC, v:1, k:ed@multiset, mode:FULL, rate:0, size:191
2026-06-05 15:05:29, MOVE, v:1, k:ed@multiset, mode:EDIT
2026-06-05 15:05:30, MOVE, v:1, k:ed@multiset, mode:EDIT
2026-06-05 15:15:05, MOVE, v:1, k:ed@multiset, mode:EDIT
2026-06-05 15:17:47, MOVE, v:1, k:ed@multiset, mode:EDIT
2026-06-05 15:22:54, MOVE, v:1, k:ed@multiset, mode:EDIT
2026-06-05 15:48:49, EXEC, v:1, k:ed@multiset, mode:FULL, size:206, fail:COMP
2026-06-05 15:50:53, MOVE, v:1, k:ed@multiset, mode:BACK
2026-06-05 15:51:01, MOVE, v:1, k:ed@multiset, mode:PICK
2026-06-05 15:51:44, EXEC, v:1, k:ed@multiset, mode:FULL, size:211, fail:COMP
2026-06-05 15:51:41, MOVE, v:1, k:ed@multiset, mode:EDIT
2026-06-05 15:59:00, MOVE, v:1, k:ed@multiset, mode:EDIT
2026-06-05 16:04:53, EXEC, v:1, k:ed@multiset, mode:FULL, size:214, fail:COMP
2026-06-05 16:05:24, EXEC, v:1, k:ed@multiset, mode:FULL, size:217, fail:COMP
2026-06-05 16:05:23, MOVE, v:1, k:ed@multiset, mode:EDIT
2026-06-05 16:07:20, EXEC, v:1, k:ed@multiset, mode:FULL, size:222, fail:COMP
2026-06-05 16:09:57, MOVE, v:1, k:ed@multiset, mode:EDIT
2026-06-05 16:12:46, EXEC, v:1, k:ed@multiset, mode:FULL, size:232, fail:COMP
2026-06-05 16:12:45, MOVE, v:1, k:ed@multiset, mode:EDIT
2026-06-05 16:18:37, MOVE, v:1, k:ed@multiset, mode:EDIT
2026-06-05 17:00:15, MOVE, v:1, k:ed@multiset, mode:EDIT
2026-06-05 17:05:42, MOVE, v:1, k:ed@multiset, mode:EDIT
2026-06-05 17:08:23, MOVE, v:1, k:ed@multiset, mode:EDIT
2026-06-05 17:38:33, MOVE, v:1, k:ed@multiset, mode:EDIT
2026-06-05 17:41:32, EXEC, v:1, k:ed@multiset, mode:FULL, size:256, fail:COMP
2026-06-05 17:45:17, EXEC, v:1, k:ed@multiset, mode:FULL, size:262, fail:COMP
2026-06-05 17:45:14, MOVE, v:1, k:ed@multiset, mode:EDIT
2026-06-05 17:49:01, EXEC, v:1, k:ed@multiset, mode:FULL, size:267, fail:COMP
2026-06-05 17:49:27, EXEC, v:1, k:ed@multiset, mode:FULL, rate:0, size:267
2026-06-05 17:49:26, MOVE, v:1, k:ed@multiset, mode:EDIT
2026-06-05 17:49:27, MOVE, v:1, k:ed@multiset, mode:EDIT
2026-06-05 17:51:50, EXEC, v:1, k:ed@multiset, mode:FULL, rate:0
2026-06-05 17:51:56, EXEC, v:1, k:ed@multiset, mode:FULL, rate:0, size:267
2026-06-05 17:52:36, EXEC, v:1, k:ed@multiset, mode:FULL, rate:0, size:262
2026-06-05 17:53:12, EXEC, v:1, k:ed@multiset, mode:FULL, rate:0
2026-06-05 17:53:28, MOVE, v:1, k:ed@multiset, mode:PICK
2026-06-05 17:53:29, EXEC, v:1, k:ed@multiset, mode:FULL, rate:0
2026-06-05 17:54:35, EXEC, v:1, k:ed@multiset, mode:FULL, rate:0, size:263
2026-06-05 17:54:51, EXEC, v:1, k:ed@multiset, mode:FULL, rate:0, size:263
2026-06-05 17:55:03, EXEC, v:1, k:ed@multiset, mode:FULL, rate:100, size:263
2026-06-05 17:55:13, MOVE, v:1, k:ed@multiset, mode:BACK
2026-06-05 17:55:20, SELF, v:1, k:ed@multiset, self:1, rate:100, study:240
