2026-05-25 08:10:46, MOVE, v:1, k:ed@fractais_png, mode:PICK
2026-05-25 08:10:50, MOVE, v:1, k:ed@fractais_png, mode:BACK
2026-05-25 08:11:19, MOVE, v:1, k:ed@fractais_png, mode:PICK
2026-05-25 08:14:18, MOVE, v:1, k:ed@editorint, mode:EDIT
2026-05-25 08:19:37, MOVE, v:1, k:ed@editorint, mode:EDIT
2026-05-25 08:24:22, MOVE, v:1, k:ed@editorint, mode:EDIT
2026-05-25 08:30:09, MOVE, v:1, k:ed@editorint, mode:EDIT
2026-05-25 08:32:47, MOVE, v:1, k:ed@editorint, mode:EDIT
2026-05-25 08:36:33, MOVE, v:1, k:ed@editorint, mode:EDIT
2026-05-25 08:43:38, MOVE, v:1, k:ed@editorint, mode:EDIT
2026-05-25 08:47:26, MOVE, v:1, k:ed@editorint, mode:EDIT
2026-05-25 08:54:03, MOVE, v:1, k:ed@editorint, mode:EDIT
2026-05-25 15:55:44, MOVE, v:1, k:ed@fractais_png, mode:PICK
2026-05-25 15:59:43, MOVE, v:1, k:ed@editorint, mode:EDIT
2026-05-25 16:02:22, MOVE, v:1, k:ed@editorint, mode:EDIT
2026-05-25 16:07:35, MOVE, v:1, k:ed@editorint, mode:EDIT
2026-05-25 16:14:31, MOVE, v:1, k:ed@editorint, mode:EDIT
2026-05-25 16:20:17, MOVE, v:1, k:ed@editorint, mode:EDIT
2026-05-25 16:20:57, EXEC, v:1, k:ed@fractais_png, mode:FULL, size:334, fail:COMP
2026-05-25 16:21:30, EXEC, v:1, k:ed@fractais_png, mode:FULL, size:360, fail:COMP
2026-05-25 16:25:03, EXEC, v:1, k:ed@fractais_png, mode:LOCK, rate:0, size:353
2026-05-25 16:25:04, MOVE, v:1, k:ed@fractais_png, mode:BACK
2026-05-25 16:27:01, SELF, v:1, k:ed@editorint, self:1, rate:100, study:180, concept:1
2026-05-25 16:27:15, MOVE, v:1, k:ed@fractais_png, mode:PICK
2026-05-25 16:27:29, MOVE, v:1, k:ed@fractais_png, mode:BACK
2026-05-25 16:29:50, EXEC, v:1, k:ed@fractais_png, mode:FREE
2026-05-25 16:30:43, EXEC, v:1, k:ed@fractais_png, mode:FREE
