2026-05-27 08:07:52, MOVE, v:1, k:ed@permutacoes, mode:PICK
2026-05-27 08:07:57, MOVE, v:1, k:ed@permutacoes, mode:BACK
2026-05-27 08:09:18, SELF, v:1, k:ed@editorint, self:1, study:180, concept:1
2026-05-27 08:10:14, MOVE, v:1, k:ed@permutacoes, mode:PICK
2026-05-27 08:10:20, EXEC, v:1, k:ed@permutacoes, mode:FULL, size:30, fail:COMP
2026-05-27 08:10:32, MOVE, v:1, k:ed@permutacoes, mode:EDIT
2026-05-27 08:15:45, EXEC, v:1, k:ed@permutacoes, mode:FULL, size:32, fail:COMP
2026-05-27 08:15:43, MOVE, v:1, k:ed@permutacoes, mode:EDIT
2026-05-27 08:18:27, EXEC, v:1, k:ed@permutacoes, mode:FULL, size:32, fail:COMP
2026-05-27 08:21:05, EXEC, v:1, k:ed@permutacoes, mode:FULL, size:32, fail:COMP
2026-05-27 08:21:14, MOVE, v:1, k:ed@permutacoes, mode:EDIT
2026-05-27 08:23:55, EXEC, v:1, k:ed@permutacoes, mode:FULL, size:32, fail:COMP
2026-05-27 08:26:34, EXEC, v:1, k:ed@permutacoes, mode:FULL, size:32, fail:COMP
2026-05-27 08:26:33, MOVE, v:1, k:ed@permutacoes, mode:EDIT
2026-05-27 08:29:17, EXEC, v:1, k:ed@permutacoes, mode:FULL, size:34, fail:COMP
2026-05-27 08:31:57, MOVE, v:1, k:ed@permutacoes, mode:EDIT
2026-05-27 08:36:59, EXEC, v:1, k:ed@permutacoes, mode:FULL, size:34, fail:COMP
2026-05-27 08:36:58, MOVE, v:1, k:ed@permutacoes, mode:EDIT
2026-05-27 08:41:38, MOVE, v:1, k:ed@permutacoes, mode:EDIT
2026-05-27 08:44:08, EXEC, v:1, k:ed@permutacoes, mode:FULL, size:36, fail:COMP
2026-05-27 08:48:07, EXEC, v:1, k:ed@permutacoes, mode:FULL, size:36, fail:COMP
2026-05-27 08:48:05, MOVE, v:1, k:ed@permutacoes, mode:EDIT
2026-05-27 08:51:00, MOVE, v:1, k:ed@permutacoes, mode:EDIT
2026-05-27 08:55:56, MOVE, v:1, k:ed@permutacoes, mode:EDIT
2026-05-27 08:58:31, EXEC, v:1, k:ed@permutacoes, mode:FULL, size:39, fail:COMP
2026-05-27 09:01:09, MOVE, v:1, k:ed@permutacoes, mode:EDIT
2026-05-27 09:06:32, MOVE, v:1, k:ed@permutacoes, mode:EDIT
2026-05-27 09:11:48, EXEC, v:1, k:ed@permutacoes, mode:FULL, size:40, fail:COMP
2026-05-27 09:11:47, MOVE, v:1, k:ed@permutacoes, mode:EDIT
2026-05-27 09:14:33, EXEC, v:1, k:ed@permutacoes, mode:FULL, fail:COMP
2026-05-27 09:14:40, EXEC, v:1, k:ed@permutacoes, mode:FULL, size:41, fail:COMP
2026-05-27 09:16:53, EXEC, v:1, k:ed@permutacoes, mode:FULL, size:41, fail:COMP
2026-05-27 09:16:52, MOVE, v:1, k:ed@permutacoes, mode:EDIT
2026-05-27 09:22:23, MOVE, v:1, k:ed@permutacoes, mode:EDIT
2026-05-27 09:25:23, EXEC, v:1, k:ed@permutacoes, mode:FULL, size:42, fail:COMP
2026-05-27 09:28:06, MOVE, v:1, k:ed@permutacoes, mode:EDIT
2026-05-27 09:31:30, MOVE, v:1, k:ed@permutacoes, mode:EDIT
2026-05-27 09:36:38, MOVE, v:1, k:ed@permutacoes, mode:EDIT
2026-05-27 09:42:01, MOVE, v:1, k:ed@permutacoes, mode:EDIT
2026-05-27 09:47:21, MOVE, v:1, k:ed@permutacoes, mode:EDIT
2026-05-27 10:04:46, MOVE, v:1, k:ed@permutacoes, mode:PICK
2026-05-27 10:08:17, EXEC, v:1, k:ed@permutacoes, mode:FULL, size:43, fail:COMP
2026-05-27 10:12:10, MOVE, v:1, k:ed@permutacoes, mode:EDIT
2026-05-27 10:16:15, MOVE, v:1, k:ed@permutacoes, mode:EDIT
2026-05-27 10:22:02, MOVE, v:1, k:ed@permutacoes, mode:EDIT
2026-05-27 10:26:29, MOVE, v:1, k:ed@permutacoes, mode:EDIT
2026-05-27 10:28:08, EXEC, v:1, k:ed@permutacoes, mode:FULL, size:43, fail:COMP
2026-05-27 10:28:12, MOVE, v:1, k:ed@permutacoes, mode:BACK
2026-05-27 10:28:26, MOVE, v:1, k:ed@permutacoes, mode:PICK
2026-05-27 10:28:35, MOVE, v:1, k:ed@permutacoes, mode:EDIT
2026-05-27 10:38:12, MOVE, v:1, k:ed@permutacoes, mode:EDIT
2026-05-27 10:40:52, MOVE, v:1, k:ed@permutacoes, mode:EDIT
2026-05-27 10:43:29, EXEC, v:1, k:ed@permutacoes, mode:FULL, size:44, fail:COMP
2026-05-27 10:47:05, MOVE, v:1, k:ed@permutacoes, mode:EDIT
2026-05-27 10:48:46, MOVE, v:1, k:ed@permutacoes, mode:EDIT
2026-05-27 11:15:54, MOVE, v:1, k:ed@permutacoes, mode:PICK
2026-05-27 11:16:01, EXEC, v:1, k:ed@permutacoes, mode:FULL, rate:0, size:45
2026-05-27 11:18:17, MOVE, v:1, k:ed@permutacoes, mode:BACK
2026-05-27 11:18:37, MOVE, v:1, k:ed@permutacoes, mode:PICK
2026-05-27 11:18:38, EXEC, v:1, k:ed@permutacoes, mode:FULL, size:46, fail:COMP
2026-05-27 11:16:01, MOVE, v:1, k:ed@permutacoes, mode:EDIT
2026-05-27 11:18:46, MOVE, v:1, k:ed@permutacoes, mode:EDIT
2026-05-27 11:21:48, MOVE, v:1, k:ed@permutacoes, mode:BACK
2026-05-27 11:22:10, MOVE, v:1, k:ed@permutacoes, mode:PICK
2026-05-27 11:25:00, EXEC, v:1, k:ed@permutacoes, mode:FREE, size:46
2026-05-27 11:25:08, EXEC, v:1, k:ed@permutacoes, mode:FULL, fail:COMP
2026-05-27 11:24:56, MOVE, v:1, k:ed@permutacoes, mode:EDIT
2026-05-27 11:27:17, EXEC, v:1, k:ed@permutacoes, mode:FULL, rate:20, size:46
2026-05-27 11:27:36, MOVE, v:1, k:ed@permutacoes, mode:BACK
2026-05-27 11:27:38, MOVE, v:1, k:ed@permutacoes, mode:PICK
2026-05-27 11:27:52, MOVE, v:1, k:ed@permutacoes, mode:BACK
2026-05-27 11:28:06, MOVE, v:1, k:ed@permutacoes, mode:PICK
2026-05-27 11:28:08, EXEC, v:1, k:ed@permutacoes, mode:FULL, rate:20
2026-05-27 11:29:54, MOVE, v:1, k:ed@permutacoes, mode:PICK
2026-05-27 11:29:55, EXEC, v:1, k:ed@permutacoes, mode:FULL, rate:20
2026-05-27 11:33:41, EXEC, v:1, k:ed@permutacoes, mode:FULL, rate:100, size:46
