2026-03-15 20:14:03, MOVE, v:1, k:ed@pintando, mode:DOWN
2026-03-15 20:14:17, MOVE, v:1, k:ed@pintando, mode:PICK
2026-03-15 20:15:02, MOVE, v:1, k:ed@pintando, mode:BACK
2026-03-15 20:19:40, MOVE, v:1, k:ed@pintando, mode:PICK
2026-03-15 20:19:44, EXEC, v:1, k:ed@pintando, mode:FULL, rate:0, size:5
2026-03-15 20:19:44, EXEC, v:1, k:ed@pintando, mode:FULL, rate:0, size:5
2026-03-15 20:19:46, MOVE, v:1, k:ed@pintando, mode:BACK
2026-03-15 20:19:47, MOVE, v:1, k:ed@pintando, mode:PICK
2026-03-15 20:21:18, MOVE, v:1, k:ed@pintando, mode:BACK
2026-03-15 20:21:19, MOVE, v:1, k:ed@pintando, mode:PICK
2026-03-15 20:21:29, EXEC, v:1, k:ed@pintando, mode:FULL, rate:0, size:5
2026-03-15 20:21:35, MOVE, v:1, k:ed@pintando, mode:BACK
2026-03-15 20:21:35, MOVE, v:1, k:ed@pintando, mode:PICK
2026-03-15 20:23:57, MOVE, v:1, k:ed@pintando, mode:BACK
2026-03-15 20:24:15, MOVE, v:1, k:ed@pintando, mode:PICK
2026-03-15 20:24:25, MOVE, v:1, k:ed@pintando, mode:BACK
2026-03-15 20:24:30, MOVE, v:1, k:ed@pintando, mode:PICK
2026-03-15 20:24:40, MOVE, v:1, k:ed@pintando, mode:BACK
2026-03-15 20:24:41, MOVE, v:1, k:ed@pintando, mode:PICK
2026-03-15 20:24:54, EXEC, v:1, k:ed@pintando, mode:FULL, rate:0
2026-03-15 20:24:57, MOVE, v:1, k:ed@pintando, mode:BACK
2026-03-15 20:24:58, MOVE, v:1, k:ed@pintando, mode:PICK
2026-03-15 20:25:11, MOVE, v:1, k:ed@pintando, mode:BACK
2026-03-15 20:26:54, MOVE, v:1, k:ed@pintando, mode:PICK
2026-03-15 20:27:45, MOVE, v:1, k:ed@pintando, mode:BACK
2026-03-15 20:27:46, MOVE, v:1, k:ed@pintando, mode:PICK
2026-03-15 20:27:53, EXEC, v:1, k:ed@pintando, mode:FREE
2026-03-15 20:59:32, MOVE, v:1, k:ed@pintando, mode:BACK
2026-03-15 20:59:34, MOVE, v:1, k:ed@pintando, mode:PICK
2026-03-15 20:59:40, EXEC, v:1, k:ed@pintando, mode:FREE
2026-03-15 21:00:24, MOVE, v:1, k:ed@pintando, mode:BACK
2026-03-15 21:00:26, MOVE, v:1, k:ed@pintando, mode:PICK
2026-03-15 21:01:30, MOVE, v:1, k:ed@pintando, mode:BACK
2026-03-15 21:01:33, MOVE, v:1, k:ed@pintando, mode:PICK
2026-03-15 21:02:00, EXEC, v:1, k:ed@pintando, mode:FULL, rate:0
2026-03-15 21:02:57, MOVE, v:1, k:ed@pintando, mode:BACK
2026-03-15 21:02:58, MOVE, v:1, k:ed@pintando, mode:PICK
2026-03-15 21:03:01, EXEC, v:1, k:ed@pintando, mode:FULL, rate:0
2026-03-15 21:03:28, MOVE, v:1, k:ed@pintando, mode:BACK
2026-03-15 21:05:58, MOVE, v:1, k:ed@pintando, mode:PICK
2026-03-15 21:06:00, EXEC, v:1, k:ed@pintando, mode:FULL, rate:0
2026-03-15 21:07:28, MOVE, v:1, k:ed@pintando, mode:BACK
2026-03-15 21:07:49, MOVE, v:1, k:sandbox@user_001, mode:PICK
2026-03-15 21:07:52, EXEC, v:1, k:sandbox@user_001, mode:LOCK, rate:0, size:5
2026-03-15 21:08:35, MOVE, v:1, k:sandbox@user_001, mode:BACK
2026-03-15 21:08:51, MOVE, v:1, k:sandbox@user_001, mode:PICK
2026-03-15 21:09:09, EXEC, v:1, k:sandbox@user_001, mode:LOCK, rate:0
2026-03-15 21:09:28, MOVE, v:1, k:sandbox@user_001, mode:BACK
2026-03-15 21:09:30, MOVE, v:1, k:sandbox@user_001, mode:PICK
2026-03-15 21:10:17, MOVE, v:1, k:sandbox@user_001, mode:BACK
2026-03-15 21:10:42, MOVE, v:1, k:sandbox@user_001, mode:PICK
2026-03-15 21:10:44, EXEC, v:1, k:sandbox@user_001, mode:LOCK, rate:0
2026-03-15 21:13:02, MOVE, v:1, k:sandbox@user_001, mode:BACK
2026-03-15 21:13:39, MOVE, v:1, k:ed@pintando, mode:PICK
