2026-05-18 09:13:58, MOVE, v:1, k:ed@eh_primo, mode:PICK
2026-05-18 09:17:58, EXEC, v:1, k:ed@eh_primo, mode:FULL, rate:44
2026-05-18 09:18:34, EXEC, v:1, k:ed@eh_primo, mode:FULL, rate:44
2026-05-18 09:19:01, EXEC, v:1, k:ed@eh_primo, mode:FULL, size:29, fail:COMP
2026-05-18 09:19:11, EXEC, v:1, k:ed@eh_primo, mode:FULL, rate:100, size:29
2026-05-18 09:19:22, MOVE, v:1, k:ed@eh_primo, mode:BACK
2026-05-18 09:20:30, MOVE, v:1, k:ed@vetequals, mode:DOWN
2026-05-18 09:20:33, MOVE, v:1, k:ed@vetequals, mode:PICK
2026-05-18 09:48:22, MOVE, v:1, k:ed@vetequals, mode:BACK
2026-05-18 09:48:47, MOVE, v:1, k:ed@vetequals, mode:PICK
2026-05-18 10:03:43, EXEC, v:1, k:ed@vetequals, mode:FULL, rate:20, size:60
2026-05-18 10:03:57, EXEC, v:1, k:ed@vetequals, mode:FULL, rate:20
2026-05-18 10:04:01, EXEC, v:1, k:ed@vetequals, mode:FULL, rate:20
2026-05-18 10:04:13, EXEC, v:1, k:ed@vetequals, mode:FULL, rate:100, size:59
2026-05-18 10:04:59, MOVE, v:1, k:ed@vetequals, mode:BACK
2026-05-18 10:05:53, MOVE, v:1, k:ed@enesimo, mode:DOWN
2026-05-18 10:05:56, MOVE, v:1, k:ed@enesimo, mode:PICK
2026-05-18 10:07:16, EXEC, v:1, k:ed@enesimo, mode:FULL, rate:0, size:5
2026-05-18 10:54:59, EXEC, v:1, k:ed@enesimo, mode:FULL, size:60, fail:COMP
2026-05-18 10:56:35, EXEC, v:1, k:ed@enesimo, mode:FULL, rate:100, size:54
2026-05-18 10:56:31, MOVE, v:1, k:ed@enesimo, mode:BACK
2026-05-18 10:58:28, MOVE, v:1, k:ed@priminhos, mode:DOWN
2026-05-18 10:58:29, MOVE, v:1, k:ed@priminhos, mode:PICK
2026-05-18 11:42:32, EXEC, v:1, k:ed@priminhos, mode:FULL, size:56, fail:COMP
2026-05-18 11:43:45, EXEC, v:1, k:ed@priminhos, mode:FULL, size:57, fail:COMP
2026-05-18 11:44:08, EXEC, v:1, k:ed@priminhos, mode:FULL, size:57, fail:COMP
2026-05-18 11:45:14, EXEC, v:1, k:ed@priminhos, mode:FULL, size:59, fail:COMP
2026-05-18 11:48:32, EXEC, v:1, k:ed@priminhos, mode:FULL, rate:100, size:57
