2026-07-10 10:32:13, SELF, v:1, k:ed@editorint, self:1, study:180
2026-07-10 10:32:24, MOVE, v:1, k:ed@prin_list1, mode:DOWN
2026-07-10 10:32:26, MOVE, v:1, k:ed@prin_list1, mode:PICK
2026-07-10 10:32:27, EXEC, v:1, k:ed@prin_list1, mode:FULL, size:172, fail:COMP
2026-07-10 10:35:52, EXEC, v:1, k:ed@prin_list1, mode:FULL, fail:COMP
2026-07-10 10:36:03, EXEC, v:1, k:ed@prin_list1, mode:FULL, size:171, fail:COMP
2026-07-10 10:32:24, MOVE, v:1, k:ed@prin_list1, mode:EDIT
2026-07-10 10:32:24, MOVE, v:1, k:ed@prin_list1, mode:EDIT
2026-07-10 10:36:02, MOVE, v:1, k:ed@prin_list1, mode:EDIT
2026-07-10 10:37:02, EXEC, v:1, k:ed@prin_list1, mode:FULL, size:172, fail:COMP
2026-07-10 10:39:05, MOVE, v:1, k:ed@prin_list1, mode:EDIT
2026-07-10 10:43:16, EXEC, v:1, k:ed@prin_list1, mode:FULL, size:174, fail:COMP
2026-07-10 10:44:44, EXEC, v:1, k:ed@prin_list1, mode:FULL, size:175, fail:COMP
2026-07-10 10:44:43, MOVE, v:1, k:ed@prin_list1, mode:EDIT
2026-07-10 10:49:39, EXEC, v:1, k:ed@prin_list1, mode:FULL, size:177, fail:COMP
2026-07-10 10:49:37, MOVE, v:1, k:ed@prin_list1, mode:EDIT
2026-07-10 10:55:58, MOVE, v:1, k:ed@prin_list1, mode:EDIT
2026-07-10 10:56:54, EXEC, v:1, k:ed@prin_list1, mode:FULL, size:179, fail:COMP
2026-07-10 10:58:04, EXEC, v:1, k:ed@prin_list1, mode:FULL, size:180, fail:COMP
2026-07-10 10:59:27, MOVE, v:1, k:ed@prin_list1, mode:EDIT
2026-07-10 11:01:43, EXEC, v:1, k:ed@prin_list1, mode:FULL, size:184, fail:COMP
2026-07-10 11:01:50, MOVE, v:1, k:ed@prin_list1, mode:BACK
2026-07-10 11:01:57, MOVE, v:1, k:ed@prin_list1, mode:PICK
2026-07-10 11:01:57, EXEC, v:1, k:ed@prin_list1, mode:FULL, fail:COMP
2026-07-10 11:03:21, EXEC, v:1, k:ed@prin_list1, mode:FULL, size:186, fail:COMP
2026-07-10 11:03:45, EXEC, v:1, k:ed@prin_list1, mode:FULL, rate:0, size:185
2026-07-10 11:06:45, MOVE, v:1, k:ed@prin_list1, mode:EDIT
2026-07-10 11:03:45, MOVE, v:1, k:ed@prin_list1, mode:EDIT
2026-07-10 11:11:36, EXEC, v:1, k:ed@prin_list1, mode:FULL, size:186, fail:COMP
2026-07-10 11:11:43, MOVE, v:1, k:ed@prin_list1, mode:EDIT
2026-07-10 11:14:14, EXEC, v:1, k:ed@prin_list1, mode:FULL, size:186, fail:COMP
2026-07-10 11:16:09, MOVE, v:1, k:ed@prin_list1, mode:EDIT
2026-07-10 11:17:15, EXEC, v:1, k:ed@prin_list1, mode:FULL, rate:0, size:190
2026-07-10 11:17:21, MOVE, v:1, k:ed@prin_list1, mode:BACK
2026-07-10 11:17:32, MOVE, v:1, k:ed@prin_list1, mode:PICK
2026-07-10 11:17:34, EXEC, v:1, k:ed@prin_list1, mode:FULL, rate:0
2026-07-10 11:20:27, EXEC, v:1, k:ed@prin_list1, mode:FULL, rate:0, size:190
2026-07-10 11:22:05, EXEC, v:1, k:ed@prin_list1, mode:FULL, rate:100, size:190
2026-07-10 11:22:11, MOVE, v:1, k:ed@prin_list1, mode:BACK
2026-07-10 11:22:19, SELF, v:1, k:ed@prin_list1, self:1, rate:100, study:90
