2026-03-21 18:04:37, MOVE, v:1, k:ed@pedra, mode:PICK
2026-03-21 18:04:40, EXEC, v:1, k:ed@pedra, mode:FULL, rate:25, size:45
2026-03-21 18:06:12, EXEC, v:1, k:ed@pedra, mode:FULL, rate:25, size:45
2026-03-21 18:08:16, EXEC, v:1, k:ed@pedra, mode:FULL, rate:50, size:45
2026-03-21 18:11:12, EXEC, v:1, k:ed@pedra, mode:FULL, rate:50, size:48
2026-03-21 18:11:26, EXEC, v:1, k:ed@pedra, mode:FULL, rate:50
2026-03-21 18:14:57, EXEC, v:1, k:ed@pedra, mode:FULL, rate:66, size:48
2026-03-21 18:15:20, EXEC, v:1, k:ed@pedra, mode:FULL, rate:50, size:48
2026-03-21 18:18:52, EXEC, v:1, k:ed@pedra, mode:FULL, rate:50, size:48
2026-03-21 18:23:37, EXEC, v:1, k:ed@pedra, mode:FULL, size:53, fail:COMP
2026-03-21 18:24:08, MOVE, v:1, k:ed@pedra, mode:PICK
2026-03-21 18:24:10, EXEC, v:1, k:ed@pedra, mode:FULL, rate:66, size:48
2026-03-21 18:28:19, EXEC, v:1, k:ed@pedra, mode:FULL, rate:66, size:49
2026-03-21 18:29:05, EXEC, v:1, k:ed@pedra, mode:FULL, rate:50, size:49
2026-03-21 18:29:48, EXEC, v:1, k:ed@pedra, mode:FULL, rate:66, size:50
2026-03-21 18:31:42, EXEC, v:1, k:ed@pedra, mode:FULL, size:45, fail:COMP
2026-03-21 18:32:02, EXEC, v:1, k:ed@pedra, mode:FULL, rate:66, size:45
2026-03-21 18:33:07, EXEC, v:1, k:ed@pedra, mode:FULL, rate:66, size:45
2026-03-21 18:34:55, EXEC, v:1, k:ed@pedra, mode:FULL, rate:66, size:45
2026-03-21 18:35:24, EXEC, v:1, k:ed@pedra, mode:FULL, rate:66, size:44
2026-03-21 18:37:16, EXEC, v:1, k:ed@pedra, mode:FULL, rate:0, size:40
2026-03-21 18:37:59, EXEC, v:1, k:ed@pedra, mode:FULL, size:45, fail:COMP
2026-03-21 18:38:10, EXEC, v:1, k:ed@pedra, mode:FULL, rate:66, size:45
2026-03-21 18:40:09, EXEC, v:1, k:ed@pedra, mode:FULL, rate:66, size:45
2026-03-21 18:40:18, EXEC, v:1, k:ed@pedra, mode:FULL, rate:66, size:45
2026-03-21 18:40:24, EXEC, v:1, k:ed@pedra, mode:FULL, rate:50, size:45
2026-03-21 18:42:06, EXEC, v:1, k:ed@pedra, mode:FULL, rate:66, size:45
2026-03-21 18:44:12, EXEC, v:1, k:ed@pedra, mode:FULL, rate:0, size:45
2026-03-21 18:44:32, EXEC, v:1, k:ed@pedra, mode:FULL, rate:25, size:45
2026-03-21 18:45:21, EXEC, v:1, k:ed@pedra, mode:FULL, rate:50, size:44
2026-03-21 18:46:43, EXEC, v:1, k:ed@pedra, mode:FULL, rate:25, size:44
2026-03-21 18:46:50, EXEC, v:1, k:ed@pedra, mode:FULL, rate:25, size:44
2026-03-21 18:46:54, EXEC, v:1, k:ed@pedra, mode:FULL, rate:50, size:44
2026-03-21 18:48:03, EXEC, v:1, k:ed@pedra, mode:FULL, rate:0, size:44
2026-03-21 18:49:52, EXEC, v:1, k:ed@pedra, mode:FULL, rate:50, size:45
2026-03-21 18:55:17, EXEC, v:1, k:ed@pedra, mode:FULL, rate:66, size:45
2026-03-21 18:55:22, EXEC, v:1, k:ed@pedra, mode:FULL, rate:41, size:45
2026-03-21 18:55:36, EXEC, v:1, k:ed@pedra, mode:FULL, rate:66, size:45
2026-03-21 19:01:09, EXEC, v:1, k:ed@pedra, mode:FULL, rate:25, size:51
2026-03-21 19:01:15, EXEC, v:1, k:ed@pedra, mode:FULL, rate:50, size:51
2026-03-21 19:01:24, EXEC, v:1, k:ed@pedra, mode:FULL, rate:50, size:51
2026-03-21 19:02:12, EXEC, v:1, k:ed@pedra, mode:FULL, rate:50, size:51
2026-03-21 19:04:12, EXEC, v:1, k:ed@pedra, mode:FULL, rate:41, size:50
2026-03-21 19:04:27, EXEC, v:1, k:ed@pedra, mode:FULL, rate:25, size:50
2026-03-21 19:04:41, EXEC, v:1, k:ed@pedra, mode:FULL, rate:75, size:50
2026-03-21 19:15:35, EXEC, v:1, k:ed@pedra, mode:FULL, rate:75, size:53
2026-03-21 19:19:19, EXEC, v:1, k:ed@pedra, mode:FULL, rate:91, size:53
2026-03-21 19:19:57, EXEC, v:1, k:ed@pedra, mode:FULL, rate:100, size:53
2026-03-21 19:20:56, MOVE, v:1, k:ed@pedra, mode:BACK
2026-03-21 19:21:25, MOVE, v:1, k:ed@casais, mode:DOWN
2026-03-21 19:43:33, MOVE, v:1, k:ed@casais, mode:PICK
2026-03-21 19:43:34, EXEC, v:1, k:ed@casais, mode:FULL, rate:0, size:30
2026-03-21 19:45:44, EXEC, v:1, k:ed@casais, mode:FULL, rate:0, size:30
2026-03-21 19:47:50, EXEC, v:1, k:ed@casais, mode:FULL, rate:0, size:30
2026-03-21 19:47:58, EXEC, v:1, k:ed@casais, mode:FULL, size:30, fail:COMP
2026-03-21 19:48:17, EXEC, v:1, k:ed@casais, mode:FULL, rate:50, size:30
2026-03-21 19:57:25, EXEC, v:1, k:ed@casais, mode:FULL, rate:100, size:30
2026-03-21 20:01:07, EXEC, v:1, k:ed@casais, mode:FULL, rate:100, size:32
2026-03-21 20:01:37, MOVE, v:1, k:ed@casais, mode:BACK
2026-03-21 20:01:45, MOVE, v:1, k:ed@baruel, mode:DOWN
2026-03-21 20:02:07, MOVE, v:1, k:ed@baruel, mode:PICK
2026-03-21 20:44:11, EXEC, v:1, k:ed@baruel, mode:FULL, size:62, fail:COMP
2026-03-21 20:44:30, EXEC, v:1, k:ed@baruel, mode:FULL, rate:0, size:60
2026-03-21 20:48:59, EXEC, v:1, k:ed@baruel, mode:FULL, rate:0, size:61
2026-03-21 20:54:19, EXEC, v:1, k:ed@baruel, mode:FULL, rate:0, size:68
2026-03-21 20:57:02, EXEC, v:1, k:ed@baruel, mode:FULL, rate:0, size:68
2026-03-21 20:58:05, EXEC, v:1, k:ed@baruel, mode:FULL, rate:0, size:70
2026-03-21 21:04:41, EXEC, v:1, k:ed@baruel, mode:FULL, rate:0, size:75
2026-03-21 21:05:21, EXEC, v:1, k:ed@baruel, mode:FULL, rate:0, size:70
2026-03-21 21:06:14, EXEC, v:1, k:ed@baruel, mode:FULL, rate:0, size:70
2026-03-21 21:06:51, MOVE, v:1, k:ed@baruel, mode:PICK
2026-03-21 21:06:53, EXEC, v:1, k:ed@baruel, mode:FULL, rate:0, size:70
2026-03-21 21:06:59, EXEC, v:1, k:ed@baruel, mode:FULL, rate:0
2026-03-21 21:07:09, EXEC, v:1, k:ed@baruel, mode:FULL, rate:0, size:70
2026-03-21 21:11:59, EXEC, v:1, k:ed@baruel, mode:FULL, rate:0, size:88
2026-03-21 21:12:45, EXEC, v:1, k:ed@baruel, mode:FULL, rate:0, size:88
2026-03-21 21:13:41, EXEC, v:1, k:ed@baruel, mode:FULL, rate:0, size:88
2026-03-21 21:14:29, MOVE, v:1, k:ed@baruel, mode:PICK
2026-03-21 21:14:31, EXEC, v:1, k:ed@baruel, mode:FULL, rate:0, size:70
2026-03-21 21:16:36, EXEC, v:1, k:ed@baruel, mode:FULL, rate:0, size:71
2026-03-21 21:33:21, EXEC, v:1, k:ed@baruel, mode:FULL, rate:0, size:74
2026-03-21 21:34:34, EXEC, v:1, k:ed@baruel, mode:FULL, rate:0, size:75
2026-03-21 21:35:23, EXEC, v:1, k:ed@baruel, mode:FULL, size:72, fail:COMP
2026-03-21 21:37:23, EXEC, v:1, k:ed@baruel, mode:FULL, rate:0, size:84
2026-03-21 21:37:58, EXEC, v:1, k:ed@baruel, mode:FULL, rate:0, size:74
2026-03-21 21:44:16, EXEC, v:1, k:ed@baruel, mode:FULL, rate:0, size:72
2026-03-21 21:46:25, EXEC, v:1, k:ed@baruel, mode:FULL, rate:0, size:74
2026-03-21 21:47:17, EXEC, v:1, k:ed@baruel, mode:FULL, rate:25, size:74
2026-03-21 21:49:41, EXEC, v:1, k:ed@baruel, mode:FULL, rate:25, size:82
2026-03-21 21:57:25, EXEC, v:1, k:ed@baruel, mode:FULL, rate:50, size:102
2026-03-21 21:58:00, EXEC, v:1, k:ed@baruel, mode:FULL, rate:25, size:102
2026-03-21 21:58:16, EXEC, v:1, k:ed@baruel, mode:FULL, rate:25, size:103
2026-03-21 21:59:52, EXEC, v:1, k:ed@baruel, mode:FULL, rate:25, size:103
2026-03-21 22:00:18, EXEC, v:1, k:ed@baruel, mode:FULL, rate:25, size:105
2026-03-21 22:00:26, EXEC, v:1, k:ed@baruel, mode:FULL, rate:25, size:105
2026-03-21 22:01:24, EXEC, v:1, k:ed@baruel, mode:FULL, rate:25, size:105
2026-03-21 22:03:17, EXEC, v:1, k:ed@baruel, mode:FULL, rate:25, size:106
2026-03-21 22:04:00, EXEC, v:1, k:ed@baruel, mode:FULL, rate:100, size:106
2026-03-21 22:05:05, MOVE, v:1, k:ed@baruel, mode:BACK
2026-03-21 22:06:05, MOVE, v:1, k:ed@gomos, mode:DOWN
2026-03-21 22:07:47, MOVE, v:1, k:ed@gomos, mode:PICK
